Archive member included to satisfy reference by file (symbol)

/Applications/STM32/STM32CubeIDE.app/Contents/Eclipse/plugins/com.st.stm32cube.ide.mcu.externaltools.gnu-tools-for-stm32.11.3.rel1.macos64_1.1.100.202310310803/tools/bin/../lib/gcc/arm-none-eabi/11.3.1/../../../../arm-none-eabi/lib/thumb/v7e-m+fp/hard/libc_nano.a(libc_a-atoi.o)
                              ./Core/Src/wifi.o (atoi)
/Applications/STM32/STM32CubeIDE.app/Contents/Eclipse/plugins/com.st.stm32cube.ide.mcu.externaltools.gnu-tools-for-stm32.11.3.rel1.macos64_1.1.100.202310310803/tools/bin/../lib/gcc/arm-none-eabi/11.3.1/../../../../arm-none-eabi/lib/thumb/v7e-m+fp/hard/libc_nano.a(libc_a-exit.o)
                              /Applications/STM32/STM32CubeIDE.app/Contents/Eclipse/plugins/com.st.stm32cube.ide.mcu.externaltools.gnu-tools-for-stm32.11.3.rel1.macos64_1.1.100.202310310803/tools/bin/../lib/gcc/arm-none-eabi/11.3.1/../../../../arm-none-eabi/lib/thumb/v7e-m+fp/hard/crt0.o (exit)
/Applications/STM32/STM32CubeIDE.app/Contents/Eclipse/plugins/com.st.stm32cube.ide.mcu.externaltools.gnu-tools-for-stm32.11.3.rel1.macos64_1.1.100.202310310803/tools/bin/../lib/gcc/arm-none-eabi/11.3.1/../../../../arm-none-eabi/lib/thumb/v7e-m+fp/hard/libc_nano.a(libc_a-nano-vfprintf_float.o)
                              (_printf_float)
/Applications/STM32/STM32CubeIDE.app/Contents/Eclipse/plugins/com.st.stm32cube.ide.mcu.externaltools.gnu-tools-for-stm32.11.3.rel1.macos64_1.1.100.202310310803/tools/bin/../lib/gcc/arm-none-eabi/11.3.1/../../../../arm-none-eabi/lib/thumb/v7e-m+fp/hard/libc_nano.a(libc_a-malloc.o)
                              ./Core/Src/wifi.o (malloc)
/Applications/STM32/STM32CubeIDE.app/Contents/Eclipse/plugins/com.st.stm32cube.ide.mcu.externaltools.gnu-tools-for-stm32.11.3.rel1.macos64_1.1.100.202310310803/tools/bin/../lib/gcc/arm-none-eabi/11.3.1/../../../../arm-none-eabi/lib/thumb/v7e-m+fp/hard/libc_nano.a(libc_a-mallocr.o)
                              /Applications/STM32/STM32CubeIDE.app/Contents/Eclipse/plugins/com.st.stm32cube.ide.mcu.externaltools.gnu-tools-for-stm32.11.3.rel1.macos64_1.1.100.202310310803/tools/bin/../lib/gcc/arm-none-eabi/11.3.1/../../../../arm-none-eabi/lib/thumb/v7e-m+fp/hard/libc_nano.a(libc_a-malloc.o) (_malloc_r)
/Applications/STM32/STM32CubeIDE.app/Contents/Eclipse/plugins/com.st.stm32cube.ide.mcu.externaltools.gnu-tools-for-stm32.11.3.rel1.macos64_1.1.100.202310310803/tools/bin/../lib/gcc/arm-none-eabi/11.3.1/../../../../arm-none-eabi/lib/thumb/v7e-m+fp/hard/libc_nano.a(libc_a-nano-vfprintf_i.o)
                              /Applications/STM32/STM32CubeIDE.app/Contents/Eclipse/plugins/com.st.stm32cube.ide.mcu.externaltools.gnu-tools-for-stm32.11.3.rel1.macos64_1.1.100.202310310803/tools/bin/../lib/gcc/arm-none-eabi/11.3.1/../../../../arm-none-eabi/lib/thumb/v7e-m+fp/hard/libc_nano.a(libc_a-nano-vfprintf_float.o) (_printf_common)
/Applications/STM32/STM32CubeIDE.app/Contents/Eclipse/plugins/com.st.stm32cube.ide.mcu.externaltools.gnu-tools-for-stm32.11.3.rel1.macos64_1.1.100.202310310803/tools/bin/../lib/gcc/arm-none-eabi/11.3.1/../../../../arm-none-eabi/lib/thumb/v7e-m+fp/hard/libc_nano.a(libc_a-snprintf.o)
                              ./Core/Src/display.o (snprintf)
/Applications/STM32/STM32CubeIDE.app/Contents/Eclipse/plugins/com.st.stm32cube.ide.mcu.externaltools.gnu-tools-for-stm32.11.3.rel1.macos64_1.1.100.202310310803/tools/bin/../lib/gcc/arm-none-eabi/11.3.1/../../../../arm-none-eabi/lib/thumb/v7e-m+fp/hard/libc_nano.a(libc_a-mlock.o)
                              /Applications/STM32/STM32CubeIDE.app/Contents/Eclipse/plugins/com.st.stm32cube.ide.mcu.externaltools.gnu-tools-for-stm32.11.3.rel1.macos64_1.1.100.202310310803/tools/bin/../lib/gcc/arm-none-eabi/11.3.1/../../../../arm-none-eabi/lib/thumb/v7e-m+fp/hard/libc_nano.a(libc_a-mallocr.o) (__malloc_lock)
/Applications/STM32/STM32CubeIDE.app/Contents/Eclipse/plugins/com.st.stm32cube.ide.mcu.externaltools.gnu-tools-for-stm32.11.3.rel1.macos64_1.1.100.202310310803/tools/bin/../lib/gcc/arm-none-eabi/11.3.1/../../../../arm-none-eabi/lib/thumb/v7e-m+fp/hard/libc_nano.a(libc_a-sprintf.o)
                              ./Core/Src/main.o (sprintf)
/Applications/STM32/STM32CubeIDE.app/Contents/Eclipse/plugins/com.st.stm32cube.ide.mcu.externaltools.gnu-tools-for-stm32.11.3.rel1.macos64_1.1.100.202310310803/tools/bin/../lib/gcc/arm-none-eabi/11.3.1/../../../../arm-none-eabi/lib/thumb/v7e-m+fp/hard/libc_nano.a(libc_a-sscanf.o)
                              ./Core/Src/cmd.o (sscanf)
/Applications/STM32/STM32CubeIDE.app/Contents/Eclipse/plugins/com.st.stm32cube.ide.mcu.externaltools.gnu-tools-for-stm32.11.3.rel1.macos64_1.1.100.202310310803/tools/bin/../lib/gcc/arm-none-eabi/11.3.1/../../../../arm-none-eabi/lib/thumb/v7e-m+fp/hard/libc_nano.a(libc_a-stdio.o)
[...]
Memory Configuration

Name             Origin             Length             Attributes
RAM              0x0000000020000000 0x0000000000020000 xrw
FLASH            0x0000000008000000 0x0000000000080000 xr
*default*        0x0000000000000000 0xffffffffffffffff

Linker script and memory map

LOAD /Applications/STM32/STM32CubeIDE.app/Contents/Eclipse/plugins/com.st.stm32cube.ide.mcu.externaltools.gnu-tools-for-stm32.11.3.rel1.macos64_1.1.100.202310310803/tools/bin/../lib/gcc/arm-none-eabi/11.3.1/thumb/v7e-m+fp/hard/crti.o
LOAD /Applications/STM32/STM32CubeIDE.app/Contents/Eclipse/plugins/com.st.stm32cube.ide.mcu.externaltools.gnu-tools-for-stm32.11.3.rel1.macos64_1.1.100.202310310803/tools/bin/../lib/gcc/arm-none-eabi/11.3.1/thumb/v7e-m+fp/hard/crtbegin.o
LOAD /Applications/STM32/STM32CubeIDE.app/Contents/Eclipse/plugins/com.st.stm32cube.ide.mcu.externaltools.gnu-tools-for-stm32.11.3.rel1.macos64_1.1.100.202310310803/tools/bin/../lib/gcc/arm-none-eabi/11.3.1/../../../../arm-none-eabi/lib/thumb/v7e-m+fp/hard/crt0.o
LOAD ./Core/Src/calc.o
LOAD ./Core/Src/cmd.o
LOAD ./Core/Src/display.o
LOAD ./Core/Src/ee24.o
LOAD ./Core/Src/font12.o
LOAD ./Core/Src/font16.o
LOAD ./Core/Src/font20.o
LOAD ./Core/Src/font24.o
LOAD ./Core/Src/font30.o
LOAD ./Core/Src/font8.o
LOAD ./Core/Src/main.o
LOAD ./Core/Src/stm32f4xx_hal_msp.o
LOAD ./Core/Src/stm32f4xx_it.o
LOAD ./Core/Src/syscalls.o
LOAD ./Core/Src/sysmem.o
LOAD ./Core/Src/system_stm32f4xx.o
LOAD ./Core/Src/term.o
LOAD ./Core/Src/wifi.o
LOAD ./Core/Src/z_displ_ILI9XXX.o
LOAD ./Core/Src/z_displ_ILI9XXX_test.o
LOAD ./Core/Startup/startup_stm32f446retx.o
LOAD ./Drivers/STM32F4xx_HAL_Driver/Src/stm32f4xx_hal.o
LOAD ./Drivers/STM32F4xx_HAL_Driver/Src/stm32f4xx_hal_adc.o
LOAD ./Drivers/STM32F4xx_HAL_Driver/Src/stm32f4xx_hal_adc_ex.o
LOAD ./Drivers/STM32F4xx_HAL_Driver/Src/stm32f4xx_hal_cortex.o
LOAD ./Drivers/STM32F4xx_HAL_Driver/Src/stm32f4xx_hal_dma.o
LOAD ./Drivers/STM32F4xx_HAL_Driver/Src/stm32f4xx_hal_dma_ex.o
LOAD ./Drivers/STM32F4xx_HAL_Driver/Src/stm32f4xx_hal_exti.o
LOAD ./Drivers/STM32F4xx_HAL_Driver/Src/stm32f4xx_hal_flash.o
LOAD ./Drivers/STM32F4xx_HAL_Driver/Src/stm32f4xx_hal_flash_ex.o
LOAD ./Drivers/STM32F4xx_HAL_Driver/Src/stm32f4xx_hal_flash_ramfunc.o
LOAD ./Drivers/STM32F4xx_HAL_Driver/Src/stm32f4xx_hal_gpio.o
LOAD ./Drivers/STM32F4xx_HAL_Driver/Src/stm32f4xx_hal_i2c.o
LOAD ./Drivers/STM32F4xx_HAL_Driver/Src/stm32f4xx_hal_i2c_ex.o
LOAD ./Drivers/STM32F4xx_HAL_Driver/Src/stm32f4xx_hal_pwr.o
LOAD ./Drivers/STM32F4xx_HAL_Driver/Src/stm32f4xx_hal_pwr_ex.o
LOAD ./Drivers/STM32F4xx_HAL_Driver/Src/stm32f4xx_hal_rcc.o
LOAD ./Drivers/STM32F4xx_HAL_Driver/Src/stm32f4xx_hal_rcc_ex.o
LOAD ./Drivers/STM32F4xx_HAL_Driver/Src/stm32f4xx_hal_spi.o
LOAD ./Drivers/STM32F4xx_HAL_Driver/Src/stm32f4xx_hal_tim.o
LOAD ./Drivers/STM32F4xx_HAL_Driver/Src/stm32f4xx_hal_tim_ex.o
LOAD ./Drivers/STM32F4xx_HAL_Driver/Src/stm32f4xx_hal_uart.o
LOAD ./Drivers/STM32F4xx_HAL_Driver/Src/stm32f4xx_ll_adc.o
START GROUP
LOAD /Applications/STM32/STM32CubeIDE.app/Contents/Eclipse/plugins/com.st.stm32cube.ide.mcu.externaltools.gnu-tools-for-stm32.11.3.rel1.macos64_1.1.100.202310310803/tools/bin/../lib/gcc/arm-none-eabi/11.3.1/../../../../arm-none-eabi/lib/thumb/v7e-m+fp/hard/libc_nano.a
LOAD /Applications/STM32/STM32CubeIDE.app/Contents/Eclipse/plugins/com.st.stm32cube.ide.mcu.externaltools.gnu-tools-for-stm32.11.3.rel1.macos64_1.1.100.202310310803/tools/bin/../lib/gcc/arm-none-eabi/11.3.1/../../../../arm-none-eabi/lib/thumb/v7e-m+fp/hard/libm.a
END GROUP
START GROUP
LOAD /Applications/STM32/STM32CubeIDE.app/Contents/Eclipse/plugins/com.st.stm32cube.ide.mcu.externaltools.gnu-tools-for-stm32.11.3.rel1.macos64_1.1.100.202310310803/tools/bin/../lib/gcc/arm-none-eabi/11.3.1/thumb/v7e-m+fp/hard/libgcc.a
LOAD /Applications/STM32/STM32CubeIDE.app/Contents/Eclipse/plugins/com.st.stm32cube.ide.mcu.externaltools.gnu-tools-for-stm32.11.3.rel1.macos64_1.1.100.202310310803/tools/bin/../lib/gcc/arm-none-eabi/11.3.1/../../../../arm-none-eabi/lib/thumb/v7e-m+fp/hard/libc_nano.a
END GROUP
START GROUP
LOAD /Applications/STM32/STM32CubeIDE.app/Contents/Eclipse/plugins/com.st.stm32cube.ide.mcu.externaltools.gnu-tools-for-stm32.11.3.rel1.macos64_1.1.100.202310310803/tools/bin/../lib/gcc/arm-none-eabi/11.3.1/thumb/v7e-m+fp/hard/libgcc.a
LOAD /Applications/STM32/STM32CubeIDE.app/Contents/Eclipse/plugins/com.st.stm32cube.ide.mcu.externaltools.gnu-tools-for-stm32.11.3.rel1.macos64_1.1.100.202310310803/tools/bin/../lib/gcc/arm-none-eabi/11.3.1/../../../../arm-none-eabi/lib/thumb/v7e-m+fp/hard/libc_nano.a
LOAD /Applications/STM32/STM32CubeIDE.app/Contents/Eclipse/plugins/com.st.stm32cube.ide.mcu.externaltools.gnu-tools-for-stm32.11.3.rel1.macos64_1.1.100.202310310803/tools/bin/../lib/gcc/arm-none-eabi/11.3.1/../../../../arm-none-eabi/lib/thumb/v7e-m+fp/hard/libnosys.a
END GROUP
START GROUP
LOAD /Applications/STM32/STM32CubeIDE.app/Contents/Eclipse/plugins/com.st.stm32cube.ide.mcu.externaltools.gnu-tools-for-stm32.11.3.rel1.macos64_1.1.100.202310310803/tools/bin/../lib/gcc/arm-none-eabi/11.3.1/thumb/v7e-m+fp/hard/libgcc.a
LOAD /Applications/STM32/STM32CubeIDE.app/Contents/Eclipse/plugins/com.st.stm32cube.ide.mcu.externaltools.gnu-tools-for-stm32.11.3.rel1.macos64_1.1.100.202310310803/tools/bin/../lib/gcc/arm-none-eabi/11.3.1/../../../../arm-none-eabi/lib/thumb/v7e-m+fp/hard/libc_nano.a
LOAD /Applications/STM32/STM32CubeIDE.app/Contents/Eclipse/plugins/com.st.stm32cube.ide.mcu.externaltools.gnu-tools-for-stm32.11.3.rel1.macos64_1.1.100.202310310803/tools/bin/../lib/gcc/arm-none-eabi/11.3.1/../../../../arm-none-eabi/lib/thumb/v7e-m+fp/hard/libnosys.a
END GROUP
LOAD /Applications/STM32/STM32CubeIDE.app/Contents/Eclipse/plugins/com.st.stm32cube.ide.mcu.externaltools.gnu-tools-for-stm32.11.3.rel1.macos64_1.1.100.202310310803/tools/bin/../lib/gcc/arm-none-eabi/11.3.1/thumb/v7e-m+fp/hard/crtend.o
LOAD /Applications/STM32/STM32CubeIDE.app/Contents/Eclipse/plugins/com.st.stm32cube.ide.mcu.externaltools.gnu-tools-for-stm32.11.3.rel1.macos64_1.1.100.202310310803/tools/bin/../lib/gcc/arm-none-eabi/11.3.1/thumb/v7e-m+fp/hard/crtn.o
                0x0000000020020000                _estack = (ORIGIN (RAM) + LENGTH (RAM))
                0x0000000000000200                _Min_Heap_Size = 0x200
                0x0000000000000400                _Min_Stack_Size = 0x400

.isr_vector     0x0000000008000000      0x1c4
                0x0000000008000000                . = ALIGN (0x4)
 *(.isr_vector)
 .isr_vector    0x0000000008000000      0x1c4 ./Core/Startup/startup_stm32f446retx.o
                0x0000000008000000                g_pfnVectors
                0x00000000080001c4                . = ALIGN (0x4)

.text           0x00000000080001d0    0x11c50
                0x00000000080001d0                . = ALIGN (0x4)
 *(.text)
 .text          0x00000000080001d0       0x40 /Applications/STM32/STM32CubeIDE.app/Contents/Eclipse/plugins/com.st.stm32cube.ide.mcu.externaltools.gnu-tools-for-stm32.11.3.rel1.macos64_1.1.100.202310310803/tools/bin/../lib/gcc/arm-none-eabi/11.3.1/thumb/v7e-m+fp/hard/crtbegin.o
 .text          0x0000000008000210       0xa0 /Applications/STM32/STM32CubeIDE.app/Contents/Eclipse/plugins/com.st.stm32cube.ide.mcu.externaltools.gnu-tools-for-stm32.11.3.rel1.macos64_1.1.100.202310310803/tools/bin/../lib/gcc/arm-none-eabi/11.3.1/../../../../arm-none-eabi/lib/thumb/v7e-m+fp/hard/libc_nano.a(libc_a-memchr.o)
                0x0000000008000210                memchr
 .text          0x00000000080002b0       0x10 /Applications/STM32/STM32CubeIDE.app/Contents/Eclipse/plugins/com.st.stm32cube.ide.mcu.externaltools.gnu-tools-for-stm32.11.3.rel1.macos64_1.1.100.202310310803/tools/bin/../lib/gcc/arm-none-eabi/11.3.1/../../../../arm-none-eabi/lib/thumb/v7e-m+fp/hard/libc_nano.a(libc_a-strlen.o)
                0x00000000080002b0                strlen
 .text          0x00000000080002c0      0x378 /Applications/STM32/STM32CubeIDE.app/Contents/Eclipse/plugins/com.st.stm32cube.ide.mcu.externaltools.gnu-tools-for-stm32.11.3.rel1.macos64_1.1.100.202310310803/tools/bin/../lib/gcc/arm-none-eabi/11.3.1/thumb/v7e-m+fp/hard/libgcc.a(_arm_addsubdf3.o)
                0x00000000080002c0                __aeabi_drsub
                0x00000000080002c8                __subdf3
                0x00000000080002c8                __aeabi_dsub
                0x00000000080002cc                __aeabi_dadd
                0x00000000080002cc                __adddf3
                0x0000000008000544                __aeabi_ui2d
                0x0000000008000544                __floatunsidf
                0x0000000008000564                __floatsidf
                0x0000000008000564                __aeabi_i2d
                0x0000000008000588                __extendsfdf2
                0x0000000008000588                __aeabi_f2d
                0x00000000080005cc                __aeabi_ul2d
                0x00000000080005cc                __floatundidf
                0x00000000080005dc                __aeabi_l2d
                0x00000000080005dc                __floatdidf
 .text          0x0000000008000638      0x424 /Applications/STM32/STM32CubeIDE.app/Contents/Eclipse/plugins/com.st.stm32cube.ide.mcu.externaltools.gnu-tools-for-stm32.11.3.rel1.macos64_1.1.100.202310310803/tools/bin/../lib/gcc/arm-none-eabi/11.3.1/thumb/v7e-m+fp/hard/libgcc.a(_arm_muldivdf3.o)
                0x0000000008000638                __aeabi_dmul
                0x0000000008000638                __muldf3
                0x000000000800088c                __aeabi_ddiv
                0x000000000800088c                __divdf3
 .text          0x0000000008000a5c      0x110 /Applications/STM32/STM32CubeIDE.app/Contents/Eclipse/plugins/com.st.stm32cube.ide.mcu.externaltools.gnu-tools-for-stm32.11.3.rel1.macos64_1.1.100.202310310803/tools/bin/../lib/gcc/arm-none-eabi/11.3.1/thumb/v7e-m+fp/hard/libgcc.a(_arm_cmpdf2.o)
                0x0000000008000a5c                __gedf2
                0x0000000008000a5c                __gtdf2
                0x0000000008000a64                __ledf2
                0x0000000008000a64                __ltdf2
                0x0000000008000a6c                __cmpdf2
                0x0000000008000a6c                __eqdf2
                0x0000000008000a6c                __nedf2
                0x0000000008000ae8                __aeabi_cdrcmple
                0x0000000008000af8                __aeabi_cdcmple
                0x0000000008000af8                __aeabi_cdcmpeq
                0x0000000008000b08                __aeabi_dcmpeq
                0x0000000008000b1c                __aeabi_dcmplt
                0x0000000008000b30                __aeabi_dcmple
                0x0000000008000b44                __aeabi_dcmpge
                0x0000000008000b58                __aeabi_dcmpgt
 .text          0x0000000008000b6c       0x2c /Applications/STM32/STM32CubeIDE.app/Contents/Eclipse/plugins/com.st.stm32cube.ide.mcu.externaltools.gnu-tools-for-stm32.11.3.rel1.macos64_1.1.100.202310310803/tools/bin/../lib/gcc/arm-none-eabi/11.3.1/thumb/v7e-m+fp/hard/libgcc.a(_arm_unorddf2.o)
                0x0000000008000b6c                __aeabi_dcmpun
                0x0000000008000b6c                __unorddf2
 .text          0x0000000008000b98       0x50 /Applications/STM32/STM32CubeIDE.app/Contents/Eclipse/plugins/com.st.stm32cube.ide.mcu.externaltools.gnu-tools-for-stm32.11.3.rel1.macos64_1.1.100.202310310803/tools/bin/../lib/gcc/arm-none-eabi/11.3.1/thumb/v7e-m+fp/hard/libgcc.a(_arm_fixdfsi.o)
                0x0000000008000b98                __fixdfsi
                0x0000000008000b98                __aeabi_d2iz
 .text          0x0000000008000be8       0xa0 /Applications/STM32/STM32CubeIDE.app/Contents/Eclipse/plugins/com.st.stm32cube.ide.mcu.externaltools.gnu-tools-for-stm32.11.3.rel1.macos64_1.1.100.202310310803/tools/bin/../lib/gcc/arm-none-eabi/11.3.1/thumb/v7e-m+fp/hard/libgcc.a(_arm_truncdfsf2.o)
                0x0000000008000be8                __aeabi_d2f
                0x0000000008000be8                __truncdfsf2
 .text          0x0000000008000c88       0xa0 /Applications/STM32/STM32CubeIDE.app/Contents/Eclipse/plugins/com.st.stm32cube.ide.mcu.externaltools.gnu-tools-for-stm32.11.3.rel1.macos64_1.1.100.202310310803/tools/bin/../lib/gcc/arm-none-eabi/11.3.1/thumb/v7e-m+fp/hard/libgcc.a(_aeabi_ldivmod.o)
                0x0000000008000c88                __aeabi_ldivmod
 .text          0x0000000008000d28       0x30 /Applications/STM32/STM32CubeIDE.app/Contents/Eclipse/plugins/com.st.stm32cube.ide.mcu.externaltools.gnu-tools-for-stm32.11.3.rel1.macos64_1.1.100.202310310803/tools/bin/../lib/gcc/arm-none-eabi/11.3.1/thumb/v7e-m+fp/hard/libgcc.a(_aeabi_uldivmod.o)
                0x0000000008000d28                __aeabi_uldivmod
 .text          0x0000000008000d58      0x2c8 /Applications/STM32/STM32CubeIDE.app/Contents/Eclipse/plugins/com.st.stm32cube.ide.mcu.externaltools.gnu-tools-for-stm32.11.3.rel1.macos64_1.1.100.202310310803/tools/bin/../lib/gcc/arm-none-eabi/11.3.1/thumb/v7e-m+fp/hard/libgcc.a(_udivmoddi4.o)
                0x0000000008000d58                __udivmoddi4
 .text          0x0000000008001020        0x4 /Applications/STM32/STM32CubeIDE.app/Contents/Eclipse/plugins/com.st.stm32cube.ide.mcu.externaltools.gnu-tools-for-stm32.11.3.rel1.macos64_1.1.100.202310310803/tools/bin/../lib/gcc/arm-none-eabi/11.3.1/thumb/v7e-m+fp/hard/libgcc.a(_dvmd_tls.o)
                0x0000000008001020                __aeabi_ldiv0
                0x0000000008001020                __aeabi_idiv0
 *(.text*)
 .text.calc_process_dma_buffer
                0x0000000008001024      0x1dc ./Core/Src/calc.o
                0x0000000008001024                calc_process_dma_buffer
 .text.calc_zero_detector
                0x0000000008001200      0x258 ./Core/Src/calc.o
                0x0000000008001200                calc_zero_detector
 .text.calc_downsample
                0x0000000008001458      0x25c ./Core/Src/calc.o
                0x0000000008001458                calc_downsample
 .text.calc_filter_add_v
                0x00000000080016b4       0x8c ./Core/Src/calc.o
                0x00000000080016b4                calc_filter_add_v
 .text.calc_filter_add_i
                0x0000000008001740      0x2a8 ./Core/Src/calc.o
                0x0000000008001740                calc_filter_add_i
 .text.calc_measurements
                0x00000000080019e8     0x1030 ./Core/Src/calc.o
                0x00000000080019e8                calc_measurements
 .text.calc_adc_raw_to_mv_int
                0x0000000008002a18       0x40 ./Core/Src/calc.o
                0x0000000008002a18                calc_adc_raw_to_mv_int
 .text.calc_adc_raw_to_mv_float
                0x0000000008002a58       0x3c ./Core/Src/calc.o
                0x0000000008002a58                calc_adc_raw_to_mv_float
 .text.calc_adc_raw_to_V
                0x0000000008002a94       0x3c ./Core/Src/calc.o
                0x0000000008002a94                calc_adc_raw_to_V
 .text.calc_adc_raw_to_A
                0x0000000008002ad0       0x3c ./Core/Src/calc.o
                0x0000000008002ad0                calc_adc_raw_to_A
 .text.cmd_error
                0x0000000008002b0c       0x1c ./Core/Src/cmd.o
                0x0000000008002b0c                cmd_error
 .text.cmd_t    0x0000000008002b28       0x5c ./Core/Src/cmd.o
                0x0000000008002b28                cmd_t
 .text.cmd_p    0x0000000008002b84       0x40 ./Core/Src/cmd.o
                0x0000000008002b84                cmd_p
 .text.cmd_led  0x0000000008002bc4       0x34 ./Core/Src/cmd.o
                0x0000000008002bc4                cmd_led
 .text.cmd_help
                0x0000000008002bf8       0x70 ./Core/Src/cmd.o
                0x0000000008002bf8                cmd_help
 .text.cmd_process
                0x0000000008002c68      0x1b8 ./Core/Src/cmd.o
                0x0000000008002c68                cmd_process
 .text.CMD_Handler
                0x0000000008002e20       0x40 ./Core/Src/cmd.o
                0x0000000008002e20                CMD_Handler
 .text.display_init
                0x0000000008002e60       0x44 ./Core/Src/display.o
                0x0000000008002e60                display_init
 .text.display_splash_screen
                0x0000000008002ea4      0x104 ./Core/Src/display.o
                0x0000000008002ea4                display_splash_screen
 .text.display_channel_detail
                0x0000000008002fa8      0x2b0 ./Core/Src/display.o
                0x0000000008002fa8                display_channel_detail
 .text.display_usage
                0x0000000008003258      0x724 ./Core/Src/display.o
                0x0000000008003258                display_usage
 .text.display_debug
                0x000000000800397c       0x5c ./Core/Src/display.o
                0x000000000800397c                display_debug
 .text.display_update_meter
                0x00000000080039d8       0xb8 ./Core/Src/display.o
                0x00000000080039d8                display_update_meter
 .text.display_update_mask
                0x0000000008003a90       0x18 ./Core/Src/display.o
                0x0000000008003a90                display_update_mask
 .text.display_meter_mask
                0x0000000008003aa8      0x4ac ./Core/Src/display.o
                0x0000000008003aa8                display_meter_mask
 .text.display_align_curves
                0x0000000008003f54      0x170 ./Core/Src/display.o
                0x0000000008003f54                display_align_curves
 .text.draw_curve
                0x00000000080040c4      0x1d8 ./Core/Src/display.o
                0x00000000080040c4                draw_curve
 .text.make_curve
                0x000000000800429c      0x304 ./Core/Src/display.o
                0x000000000800429c                make_curve
 .text.display_show_curves
                0x00000000080045a0       0xb0 ./Core/Src/display.o
                0x00000000080045a0                display_show_curves
 .text.ee24_isConnected
                0x0000000008004650       0x24 ./Core/Src/ee24.o
                0x0000000008004650                ee24_isConnected
 .text.ee24_write_word
                0x0000000008004674       0x60 ./Core/Src/ee24.o
                0x0000000008004674                ee24_write_word
 .text.ee24_read_word
                0x00000000080046d4       0x60 ./Core/Src/ee24.o
                0x00000000080046d4                ee24_read_word
 .text.start_adcs
                0x0000000008004734       0x58 ./Core/Src/main.o
                0x0000000008004734                start_adcs
 .text.adjust_TIM2_period
                0x000000000800478c       0x50 ./Core/Src/main.o
                0x000000000800478c                adjust_TIM2_period
 .text.version_change
                0x00000000080047dc       0x48 ./Core/Src/main.o
                0x00000000080047dc                version_change
 .text.main     0x0000000008004824      0x62c ./Core/Src/main.o
                0x0000000008004824                main
 .text.SystemClock_Config
                0x0000000008004e50       0xe4 ./Core/Src/main.o
                0x0000000008004e50                SystemClock_Config
 .text.MX_ADC1_Init
                0x0000000008004f34       0xc0 ./Core/Src/main.o
 .text.MX_ADC2_Init
                0x0000000008004ff4       0xc0 ./Core/Src/main.o
 .text.MX_I2C1_Init
                0x00000000080050b4       0x5c ./Core/Src/main.o
 .text.MX_SPI2_Init
                0x0000000008005110       0x6c ./Core/Src/main.o
 .text.MX_TIM2_Init
                0x000000000800517c       0x98 ./Core/Src/main.o
 .text.MX_USART2_UART_Init
                0x0000000008005214       0x54 ./Core/Src/main.o
 .text.MX_USART3_UART_Init
                0x0000000008005268       0x54 ./Core/Src/main.o
 .text.MX_DMA_Init
                0x00000000080052bc       0x7c ./Core/Src/main.o
 .text.MX_GPIO_Init
                0x0000000008005338      0x1b0 ./Core/Src/main.o
 .text.HAL_GPIO_EXTI_Callback
                0x00000000080054e8       0x3c ./Core/Src/main.o
                0x00000000080054e8                HAL_GPIO_EXTI_Callback
 .text.HAL_ADC_ConvCpltCallback
                0x0000000008005524       0x40 ./Core/Src/main.o
                0x0000000008005524                HAL_ADC_ConvCpltCallback
 .text.HAL_ADC_ConvHalfCpltCallback
                0x0000000008005564       0x40 ./Core/Src/main.o
                0x0000000008005564                HAL_ADC_ConvHalfCpltCallback
 .text.HAL_ADC_ErrorCallback
                0x00000000080055a4       0xac ./Core/Src/main.o
                0x00000000080055a4                HAL_ADC_ErrorCallback
 .text.HAL_UART_RxCpltCallback
                0x0000000008005650       0xa4 ./Core/Src/main.o
                0x0000000008005650                HAL_UART_RxCpltCallback
 .text.Error_Handler
                0x00000000080056f4       0x14 ./Core/Src/main.o
                0x00000000080056f4                Error_Handler
 .text.HAL_MspInit
                0x0000000008005708       0x50 ./Core/Src/stm32f4xx_hal_msp.o
                0x0000000008005708                HAL_MspInit
 .text.HAL_ADC_MspInit
                0x0000000008005758      0x228 ./Core/Src/stm32f4xx_hal_msp.o
                0x0000000008005758                HAL_ADC_MspInit
 .text.HAL_I2C_MspInit
                0x0000000008005980       0x90 ./Core/Src/stm32f4xx_hal_msp.o
                0x0000000008005980                HAL_I2C_MspInit
 .text.HAL_SPI_MspInit
                0x0000000008005a10      0x144 ./Core/Src/stm32f4xx_hal_msp.o
                0x0000000008005a10                HAL_SPI_MspInit
 .text.HAL_TIM_Base_MspInit
                0x0000000008005b54       0x4c ./Core/Src/stm32f4xx_hal_msp.o
                0x0000000008005b54                HAL_TIM_Base_MspInit
 .text.HAL_UART_MspInit
                0x0000000008005ba0      0x11c ./Core/Src/stm32f4xx_hal_msp.o
                0x0000000008005ba0                HAL_UART_MspInit
 .text.NMI_Handler
                0x0000000008005cbc        0x6 ./Core/Src/stm32f4xx_it.o
                0x0000000008005cbc                NMI_Handler
 .text.HardFault_Handler
                0x0000000008005cc2        0x6 ./Core/Src/stm32f4xx_it.o
                0x0000000008005cc2                HardFault_Handler
 .text.MemManage_Handler
                0x0000000008005cc8        0x6 ./Core/Src/stm32f4xx_it.o
                0x0000000008005cc8                MemManage_Handler
 .text.BusFault_Handler
                0x0000000008005cce        0x6 ./Core/Src/stm32f4xx_it.o
                0x0000000008005cce                BusFault_Handler
 .text.UsageFault_Handler
                0x0000000008005cd4        0x6 ./Core/Src/stm32f4xx_it.o
                0x0000000008005cd4                UsageFault_Handler
 .text.SVC_Handler
                0x0000000008005cda        0xe ./Core/Src/stm32f4xx_it.o
                0x0000000008005cda                SVC_Handler
 .text.DebugMon_Handler
                0x0000000008005ce8        0xe ./Core/Src/stm32f4xx_it.o
                0x0000000008005ce8                DebugMon_Handler
 .text.PendSV_Handler
                0x0000000008005cf6        0xe ./Core/Src/stm32f4xx_it.o
                0x0000000008005cf6                PendSV_Handler
 .text.SysTick_Handler
                0x0000000008005d04        0xc ./Core/Src/stm32f4xx_it.o
                0x0000000008005d04                SysTick_Handler
 .text.EXTI4_IRQHandler
                0x0000000008005d10        0xe ./Core/Src/stm32f4xx_it.o
                0x0000000008005d10                EXTI4_IRQHandler
 *fill*         0x0000000008005d1e        0x2 
 .text.DMA1_Stream4_IRQHandler
                0x0000000008005d20       0x14 ./Core/Src/stm32f4xx_it.o
                0x0000000008005d20                DMA1_Stream4_IRQHandler
 .text.TIM2_IRQHandler
                0x0000000008005d34       0x20 ./Core/Src/stm32f4xx_it.o
                0x0000000008005d34                TIM2_IRQHandler
 .text.SPI2_IRQHandler
                0x0000000008005d54       0x14 ./Core/Src/stm32f4xx_it.o
                0x0000000008005d54                SPI2_IRQHandler
 .text.USART2_IRQHandler
                0x0000000008005d68       0x14 ./Core/Src/stm32f4xx_it.o
                0x0000000008005d68                USART2_IRQHandler
 .text.USART3_IRQHandler
                0x0000000008005d7c       0x14 ./Core/Src/stm32f4xx_it.o
                0x0000000008005d7c                USART3_IRQHandler
 .text.EXTI15_10_IRQHandler
                0x0000000008005d90       0x10 ./Core/Src/stm32f4xx_it.o
                0x0000000008005d90                EXTI15_10_IRQHandler
 .text.DMA2_Stream0_IRQHandler
                0x0000000008005da0       0x14 ./Core/Src/stm32f4xx_it.o
                0x0000000008005da0                DMA2_Stream0_IRQHandler
 .text.DMA2_Stream2_IRQHandler
                0x0000000008005db4       0x14 ./Core/Src/stm32f4xx_it.o
                0x0000000008005db4                DMA2_Stream2_IRQHandler
 .text._getpid  0x0000000008005dc8       0x10 ./Core/Src/syscalls.o
                0x0000000008005dc8                _getpid
 .text._kill    0x0000000008005dd8       0x20 ./Core/Src/syscalls.o
                0x0000000008005dd8                _kill
 .text._exit    0x0000000008005df8       0x14 ./Core/Src/syscalls.o
                0x0000000008005df8                _exit
 .text._read    0x0000000008005e0c       0x3a ./Core/Src/syscalls.o
                0x0000000008005e0c                _read
 .text._write   0x0000000008005e46       0x38 ./Core/Src/syscalls.o
                0x0000000008005e46                _write
 .text._close   0x0000000008005e7e       0x18 ./Core/Src/syscalls.o
                0x0000000008005e7e                _close
 .text._fstat   0x0000000008005e96       0x20 ./Core/Src/syscalls.o
                0x0000000008005e96                _fstat
 .text._isatty  0x0000000008005eb6       0x16 ./Core/Src/syscalls.o
                0x0000000008005eb6                _isatty
 .text._lseek   0x0000000008005ecc       0x1a ./Core/Src/syscalls.o
                0x0000000008005ecc                _lseek
 *fill*         0x0000000008005ee6        0x2 
 .text._sbrk    0x0000000008005ee8       0x6c ./Core/Src/sysmem.o
                0x0000000008005ee8                _sbrk
 .text.SystemInit
                0x0000000008005f54       0x24 ./Core/Src/system_stm32f4xx.o
                0x0000000008005f54                SystemInit
 .text.term_print
                0x0000000008005f78       0x4c ./Core/Src/term.o
                0x0000000008005f78                term_print
 .text.term_show_buffer
                0x0000000008005fc4       0xac ./Core/Src/term.o
                0x0000000008005fc4                term_show_buffer
 .text.term_show_measurements
                0x0000000008006070      0x1c4 ./Core/Src/term.o
                0x0000000008006070                term_show_measurements
 .text.term_show_channel
                0x0000000008006234      0x180 ./Core/Src/term.o
                0x0000000008006234                term_show_channel
 .text.term_csv_buffer
                0x00000000080063b4       0x6c ./Core/Src/term.o
                0x00000000080063b4                term_csv_buffer
 .text.Displ_Select
                0x0000000008006420       0x50 ./Core/Src/z_displ_ILI9XXX.o
                0x0000000008006420                Displ_Select
 .text.Displ_Transmit
                0x0000000008006470       0xb0 ./Core/Src/z_displ_ILI9XXX.o
                0x0000000008006470                Displ_Transmit
 .text.Displ_WriteCommand
                0x0000000008006520       0x1e ./Core/Src/z_displ_ILI9XXX.o
                0x0000000008006520                Displ_WriteCommand
 .text.Displ_WriteData
                0x000000000800653e       0x2c ./Core/Src/z_displ_ILI9XXX.o
                0x000000000800653e                Displ_WriteData
 *fill*         0x000000000800656a        0x2 
 .text.ILI9XXX_Init
                0x000000000800656c       0x80 ./Core/Src/z_displ_ILI9XXX.o
                0x000000000800656c                ILI9XXX_Init
 .text.Displ_SetAddressWindow
                0x00000000080065ec       0x94 ./Core/Src/z_displ_ILI9XXX.o
                0x00000000080065ec                Displ_SetAddressWindow
 .text.Displ_Init
                0x0000000008006680       0x3c ./Core/Src/z_displ_ILI9XXX.o
                0x0000000008006680                Displ_Init
 .text.Displ_Orientation
                0x00000000080066bc       0xb0 ./Core/Src/z_displ_ILI9XXX.o
                0x00000000080066bc                Displ_Orientation
 .text.HAL_SPI_ErrorCallback
                0x000000000800676c       0x2c ./Core/Src/z_displ_ILI9XXX.o
                0x000000000800676c                HAL_SPI_ErrorCallback
 .text.HAL_SPI_TxCpltCallback
                0x0000000008006798       0x2c ./Core/Src/z_displ_ILI9XXX.o
                0x0000000008006798                HAL_SPI_TxCpltCallback
 .text.Displ_FillArea
                0x00000000080067c4      0x174 ./Core/Src/z_displ_ILI9XXX.o
                0x00000000080067c4                Displ_FillArea
 .text.Displ_Pixel
                0x0000000008006938       0x4c ./Core/Src/z_displ_ILI9XXX.o
                0x0000000008006938                Displ_Pixel
 .text.Displ_drawCircle
                0x0000000008006984      0x1a8 ./Core/Src/z_displ_ILI9XXX.o
                0x0000000008006984                Displ_drawCircle
 .text.Displ_CLS
                0x0000000008006b2c       0x38 ./Core/Src/z_displ_ILI9XXX.o
                0x0000000008006b2c                Displ_CLS
 .text.drawCircleHelper
                0x0000000008006b64      0x188 ./Core/Src/z_displ_ILI9XXX.o
                0x0000000008006b64                drawCircleHelper
 .text.fillCircleHelper
                0x0000000008006cec      0x1ac ./Core/Src/z_displ_ILI9XXX.o
                0x0000000008006cec                fillCircleHelper
 .text.Displ_fillCircle
                0x0000000008006e98       0x66 ./Core/Src/z_displ_ILI9XXX.o
                0x0000000008006e98                Displ_fillCircle
 .text.Displ_Line
                0x0000000008006efe      0x262 ./Core/Src/z_displ_ILI9XXX.o
                0x0000000008006efe                Displ_Line
 .text.Displ_Border
                0x0000000008007160       0x86 ./Core/Src/z_displ_ILI9XXX.o
                0x0000000008007160                Displ_Border
 .text.Displ_drawTriangle
                0x00000000080071e6       0x74 ./Core/Src/z_displ_ILI9XXX.o
                0x00000000080071e6                Displ_drawTriangle
 .text.Displ_fillTriangle
                0x000000000800725a      0x2b8 ./Core/Src/z_displ_ILI9XXX.o
                0x000000000800725a                Displ_fillTriangle
 *fill*         0x0000000008007512        0x2 
 .text.Displ_WChar
                0x0000000008007514      0x228 ./Core/Src/z_displ_ILI9XXX.o
                0x0000000008007514                Displ_WChar
 .text.Displ_drawRoundRect
                0x000000000800773c      0x1ea ./Core/Src/z_displ_ILI9XXX.o
                0x000000000800773c                Displ_drawRoundRect
 .text.Displ_fillRoundRect
                0x0000000008007926       0xea ./Core/Src/z_displ_ILI9XXX.o
                0x0000000008007926                Displ_fillRoundRect
 .text.Displ_WString
                0x0000000008007a10       0x7e ./Core/Src/z_displ_ILI9XXX.o
                0x0000000008007a10                Displ_WString
 *fill*         0x0000000008007a8e        0x2 
 .text.Displ_BackLight
                0x0000000008007a90       0x5c ./Core/Src/z_displ_ILI9XXX.o
                0x0000000008007a90                Displ_BackLight
 .text.testLines
                0x0000000008007aec      0x204 ./Core/Src/z_displ_ILI9XXX_test.o
                0x0000000008007aec                testLines
 .text.testFastLines
                0x0000000008007cf0       0x9c ./Core/Src/z_displ_ILI9XXX_test.o
                0x0000000008007cf0                testFastLines
 .text.testRects
                0x0000000008007d8c       0xa8 ./Core/Src/z_displ_ILI9XXX_test.o
                0x0000000008007d8c                testRects
 .text.testFilledRects
                0x0000000008007e34       0xdc ./Core/Src/z_displ_ILI9XXX_test.o
                0x0000000008007e34                testFilledRects
 .text.testFilledCircles
                0x0000000008007f10       0x7c ./Core/Src/z_displ_ILI9XXX_test.o
                0x0000000008007f10                testFilledCircles
 .text.testCircles
                0x0000000008007f8c       0x84 ./Core/Src/z_displ_ILI9XXX_test.o
                0x0000000008007f8c                testCircles
 .text.testTriangles
                0x0000000008008010       0xc8 ./Core/Src/z_displ_ILI9XXX_test.o
                0x0000000008008010                testTriangles
 .text.testFilledTriangles
                0x00000000080080d8      0x15c ./Core/Src/z_displ_ILI9XXX_test.o
                0x00000000080080d8                testFilledTriangles
 .text.testRoundRects
                0x0000000008008234       0xdc ./Core/Src/z_displ_ILI9XXX_test.o
                0x0000000008008234                testRoundRects
 .text.testFilledRoundRects
                0x0000000008008310       0xe8 ./Core/Src/z_displ_ILI9XXX_test.o
                0x0000000008008310                testFilledRoundRects
 .text.testFillScreen
                0x00000000080083f8       0x2c ./Core/Src/z_displ_ILI9XXX_test.o
                0x00000000080083f8                testFillScreen
 .text.Displ_TestAll
                0x0000000008008424       0x56 ./Core/Src/z_displ_ILI9XXX_test.o
                0x0000000008008424                Displ_TestAll
 *fill*         0x000000000800847a        0x2 
 .text.Reset_Handler
                0x000000000800847c       0x50 ./Core/Startup/startup_stm32f446retx.o
                0x000000000800847c                Reset_Handler
 .text.Default_Handler
                0x00000000080084cc        0x2 ./Core/Startup/startup_stm32f446retx.o
                0x00000000080084cc                DMA1_Stream3_IRQHandler
                0x00000000080084cc                EXTI2_IRQHandler
                0x00000000080084cc                TIM8_CC_IRQHandler
                0x00000000080084cc                FMPI2C1_EV_IRQHandler
                0x00000000080084cc                SPI4_IRQHandler
                0x00000000080084cc                TIM1_CC_IRQHandler
                0x00000000080084cc                DMA2_Stream5_IRQHandler
                0x00000000080084cc                DMA1_Stream5_IRQHandler
                0x00000000080084cc                PVD_IRQHandler
                0x00000000080084cc                SDIO_IRQHandler
                0x00000000080084cc                TAMP_STAMP_IRQHandler
                0x00000000080084cc                CAN2_RX1_IRQHandler
                0x00000000080084cc                EXTI3_IRQHandler
                0x00000000080084cc                TIM8_TRG_COM_TIM14_IRQHandler
                0x00000000080084cc                TIM1_UP_TIM10_IRQHandler
                0x00000000080084cc                TIM8_UP_TIM13_IRQHandler
                0x00000000080084cc                I2C3_ER_IRQHandler
                0x00000000080084cc                EXTI0_IRQHandler
                0x00000000080084cc                I2C2_EV_IRQHandler
                0x00000000080084cc                DMA1_Stream2_IRQHandler
                0x00000000080084cc                CAN1_RX0_IRQHandler
                0x00000000080084cc                FPU_IRQHandler
                0x00000000080084cc                OTG_HS_WKUP_IRQHandler
                0x00000000080084cc                CAN2_SCE_IRQHandler
                0x00000000080084cc                SPI1_IRQHandler
                0x00000000080084cc                TIM6_DAC_IRQHandler
                0x00000000080084cc                TIM1_BRK_TIM9_IRQHandler
                0x00000000080084cc                DCMI_IRQHandler
                0x00000000080084cc                CAN2_RX0_IRQHandler
                0x00000000080084cc                DMA2_Stream3_IRQHandler
                0x00000000080084cc                SAI2_IRQHandler
                0x00000000080084cc                USART6_IRQHandler
                0x00000000080084cc                CAN1_RX1_IRQHandler
                0x00000000080084cc                UART5_IRQHandler
                0x00000000080084cc                TIM4_IRQHandler
                0x00000000080084cc                QUADSPI_IRQHandler
                0x00000000080084cc                I2C1_EV_IRQHandler
                0x00000000080084cc                DMA1_Stream6_IRQHandler
                0x00000000080084cc                DMA1_Stream1_IRQHandler
                0x00000000080084cc                UART4_IRQHandler
                0x00000000080084cc                TIM3_IRQHandler
                0x00000000080084cc                RCC_IRQHandler
                0x00000000080084cc                TIM8_BRK_TIM12_IRQHandler
                0x00000000080084cc                Default_Handler
                0x00000000080084cc                CEC_IRQHandler
                0x00000000080084cc                ADC_IRQHandler
                0x00000000080084cc                DMA1_Stream7_IRQHandler
                0x00000000080084cc                TIM7_IRQHandler
                0x00000000080084cc                CAN2_TX_IRQHandler
                0x00000000080084cc                TIM5_IRQHandler
                0x00000000080084cc                DMA2_Stream7_IRQHandler
                0x00000000080084cc                I2C3_EV_IRQHandler
                0x00000000080084cc                EXTI9_5_IRQHandler
                0x00000000080084cc                RTC_WKUP_IRQHandler
                0x00000000080084cc                SPDIF_RX_IRQHandler
                0x00000000080084cc                OTG_HS_EP1_IN_IRQHandler
                0x00000000080084cc                DMA1_Stream0_IRQHandler
                0x00000000080084cc                CAN1_TX_IRQHandler
                0x00000000080084cc                FMPI2C1_ER_IRQHandler
                0x00000000080084cc                OTG_HS_EP1_OUT_IRQHandler
                0x00000000080084cc                WWDG_IRQHandler
                0x00000000080084cc                OTG_FS_WKUP_IRQHandler
                0x00000000080084cc                TIM1_TRG_COM_TIM11_IRQHandler
                0x00000000080084cc                OTG_HS_IRQHandler
                0x00000000080084cc                EXTI1_IRQHandler
                0x00000000080084cc                I2C2_ER_IRQHandler
                0x00000000080084cc                DMA2_Stream1_IRQHandler
                0x00000000080084cc                CAN1_SCE_IRQHandler
                0x00000000080084cc                FLASH_IRQHandler
                0x00000000080084cc                DMA2_Stream4_IRQHandler
                0x00000000080084cc                USART1_IRQHandler
                0x00000000080084cc                OTG_FS_IRQHandler
                0x00000000080084cc                SPI3_IRQHandler
                0x00000000080084cc                I2C1_ER_IRQHandler
                0x00000000080084cc                FMC_IRQHandler
                0x00000000080084cc                DMA2_Stream6_IRQHandler
                0x00000000080084cc                SAI1_IRQHandler
                0x00000000080084cc                RTC_Alarm_IRQHandler
 *fill*         0x00000000080084ce        0x2 
 .text.HAL_Init
                0x00000000080084d0       0x44 ./Drivers/STM32F4xx_HAL_Driver/Src/stm32f4xx_hal.o
                0x00000000080084d0                HAL_Init
 .text.HAL_InitTick
                0x0000000008008514       0x60 ./Drivers/STM32F4xx_HAL_Driver/Src/stm32f4xx_hal.o
                0x0000000008008514                HAL_InitTick
 .text.HAL_IncTick
                0x0000000008008574       0x28 ./Drivers/STM32F4xx_HAL_Driver/Src/stm32f4xx_hal.o
                0x0000000008008574                HAL_IncTick
 .text.HAL_GetTick
                0x000000000800859c       0x18 ./Drivers/STM32F4xx_HAL_Driver/Src/stm32f4xx_hal.o
                0x000000000800859c                HAL_GetTick
 .text.HAL_Delay
                0x00000000080085b4       0x48 ./Drivers/STM32F4xx_HAL_Driver/Src/stm32f4xx_hal.o
                0x00000000080085b4                HAL_Delay
 .text.HAL_ADC_Init
                0x00000000080085fc       0x86 ./Drivers/STM32F4xx_HAL_Driver/Src/stm32f4xx_hal_adc.o
                0x00000000080085fc                HAL_ADC_Init
 *fill*         0x0000000008008682        0x2 
 .text.HAL_ADC_Start_DMA
                0x0000000008008684      0x220 ./Drivers/STM32F4xx_HAL_Driver/Src/stm32f4xx_hal_adc.o
                0x0000000008008684                HAL_ADC_Start_DMA
 .text.HAL_ADC_ConfigChannel
                0x00000000080088a4      0x264 ./Drivers/STM32F4xx_HAL_Driver/Src/stm32f4xx_hal_adc.o
                0x00000000080088a4                HAL_ADC_ConfigChannel
 .text.ADC_Init
                0x0000000008008b08      0x1f8 ./Drivers/STM32F4xx_HAL_Driver/Src/stm32f4xx_hal_adc.o
 .text.ADC_DMAConvCplt
                0x0000000008008d00       0xba ./Drivers/STM32F4xx_HAL_Driver/Src/stm32f4xx_hal_adc.o
 .text.ADC_DMAHalfConvCplt
                0x0000000008008dba       0x1c ./Drivers/STM32F4xx_HAL_Driver/Src/stm32f4xx_hal_adc.o
 .text.ADC_DMAError
                0x0000000008008dd6       0x2e ./Drivers/STM32F4xx_HAL_Driver/Src/stm32f4xx_hal_adc.o
 .text.__NVIC_SetPriorityGrouping
                0x0000000008008e04       0x48 ./Drivers/STM32F4xx_HAL_Driver/Src/stm32f4xx_hal_cortex.o
 .text.__NVIC_GetPriorityGrouping
                0x0000000008008e4c       0x1c ./Drivers/STM32F4xx_HAL_Driver/Src/stm32f4xx_hal_cortex.o
 .text.__NVIC_EnableIRQ
                0x0000000008008e68       0x3c ./Drivers/STM32F4xx_HAL_Driver/Src/stm32f4xx_hal_cortex.o
 .text.__NVIC_SetPriority
                0x0000000008008ea4       0x54 ./Drivers/STM32F4xx_HAL_Driver/Src/stm32f4xx_hal_cortex.o
 .text.NVIC_EncodePriority
                0x0000000008008ef8       0x66 ./Drivers/STM32F4xx_HAL_Driver/Src/stm32f4xx_hal_cortex.o
 *fill*         0x0000000008008f5e        0x2 
 .text.SysTick_Config
                0x0000000008008f60       0x44 ./Drivers/STM32F4xx_HAL_Driver/Src/stm32f4xx_hal_cortex.o
 .text.HAL_NVIC_SetPriorityGrouping
                0x0000000008008fa4       0x16 ./Drivers/STM32F4xx_HAL_Driver/Src/stm32f4xx_hal_cortex.o
                0x0000000008008fa4                HAL_NVIC_SetPriorityGrouping
 .text.HAL_NVIC_SetPriority
                0x0000000008008fba       0x38 ./Drivers/STM32F4xx_HAL_Driver/Src/stm32f4xx_hal_cortex.o
                0x0000000008008fba                HAL_NVIC_SetPriority
 .text.HAL_NVIC_EnableIRQ
                0x0000000008008ff2       0x1c ./Drivers/STM32F4xx_HAL_Driver/Src/stm32f4xx_hal_cortex.o
                0x0000000008008ff2                HAL_NVIC_EnableIRQ
 .text.HAL_SYSTICK_Config
                0x000000000800900e       0x18 ./Drivers/STM32F4xx_HAL_Driver/Src/stm32f4xx_hal_cortex.o
                0x000000000800900e                HAL_SYSTICK_Config
 *fill*         0x0000000008009026        0x2 
 .text.HAL_DMA_Init
                0x0000000008009028      0x15c ./Drivers/STM32F4xx_HAL_Driver/Src/stm32f4xx_hal_dma.o
                0x0000000008009028                HAL_DMA_Init
 .text.HAL_DMA_Start_IT
                0x0000000008009184       0xb0 ./Drivers/STM32F4xx_HAL_Driver/Src/stm32f4xx_hal_dma.o
                0x0000000008009184                HAL_DMA_Start_IT
 .text.HAL_DMA_Abort
                0x0000000008009234       0xe0 ./Drivers/STM32F4xx_HAL_Driver/Src/stm32f4xx_hal_dma.o
                0x0000000008009234                HAL_DMA_Abort
 .text.HAL_DMA_Abort_IT
                0x0000000008009314       0x44 ./Drivers/STM32F4xx_HAL_Driver/Src/stm32f4xx_hal_dma.o
                0x0000000008009314                HAL_DMA_Abort_IT
 .text.HAL_DMA_IRQHandler
                0x0000000008009358      0x314 ./Drivers/STM32F4xx_HAL_Driver/Src/stm32f4xx_hal_dma.o
                0x0000000008009358                HAL_DMA_IRQHandler
 .text.DMA_SetConfig
                0x000000000800966c       0x5c ./Drivers/STM32F4xx_HAL_Driver/Src/stm32f4xx_hal_dma.o
 .text.DMA_CalcBaseAndBitshift
                0x00000000080096c8       0x6c ./Drivers/STM32F4xx_HAL_Driver/Src/stm32f4xx_hal_dma.o
 .text.DMA_CheckFifoParam
                0x0000000008009734       0xf8 ./Drivers/STM32F4xx_HAL_Driver/Src/stm32f4xx_hal_dma.o
 .text.HAL_GPIO_Init
                0x000000000800982c      0x328 ./Drivers/STM32F4xx_HAL_Driver/Src/stm32f4xx_hal_gpio.o
                0x000000000800982c                HAL_GPIO_Init
 .text.HAL_GPIO_ReadPin
                0x0000000008009b54       0x30 ./Drivers/STM32F4xx_HAL_Driver/Src/stm32f4xx_hal_gpio.o
                0x0000000008009b54                HAL_GPIO_ReadPin
 .text.HAL_GPIO_WritePin
                0x0000000008009b84       0x32 ./Drivers/STM32F4xx_HAL_Driver/Src/stm32f4xx_hal_gpio.o
                0x0000000008009b84                HAL_GPIO_WritePin
 .text.HAL_GPIO_TogglePin
                0x0000000008009bb6       0x34 ./Drivers/STM32F4xx_HAL_Driver/Src/stm32f4xx_hal_gpio.o
                0x0000000008009bb6                HAL_GPIO_TogglePin
 *fill*         0x0000000008009bea        0x2 
 .text.HAL_GPIO_EXTI_IRQHandler
                0x0000000008009bec       0x30 ./Drivers/STM32F4xx_HAL_Driver/Src/stm32f4xx_hal_gpio.o
                0x0000000008009bec                HAL_GPIO_EXTI_IRQHandler
 .text.HAL_I2C_Init
                0x0000000008009c1c      0x288 ./Drivers/STM32F4xx_HAL_Driver/Src/stm32f4xx_hal_i2c.o
                0x0000000008009c1c                HAL_I2C_Init
 .text.HAL_I2C_Mem_Write
                0x0000000008009ea4      0x1f4 ./Drivers/STM32F4xx_HAL_Driver/Src/stm32f4xx_hal_i2c.o
                0x0000000008009ea4                HAL_I2C_Mem_Write
 .text.HAL_I2C_Mem_Read
                0x000000000800a098      0x44c ./Drivers/STM32F4xx_HAL_Driver/Src/stm32f4xx_hal_i2c.o
                0x000000000800a098                HAL_I2C_Mem_Read
 .text.HAL_I2C_IsDeviceReady
                0x000000000800a4e4      0x25c ./Drivers/STM32F4xx_HAL_Driver/Src/stm32f4xx_hal_i2c.o
                0x000000000800a4e4                HAL_I2C_IsDeviceReady
 .text.I2C_RequestMemoryWrite
                0x000000000800a740      0x12c ./Drivers/STM32F4xx_HAL_Driver/Src/stm32f4xx_hal_i2c.o
 .text.I2C_RequestMemoryRead
                0x000000000800a86c      0x1d0 ./Drivers/STM32F4xx_HAL_Driver/Src/stm32f4xx_hal_i2c.o
 .text.I2C_WaitOnFlagUntilTimeout
                0x000000000800aa3c       0xae ./Drivers/STM32F4xx_HAL_Driver/Src/stm32f4xx_hal_i2c.o
 .text.I2C_WaitOnMasterAddressFlagUntilTimeout
                0x000000000800aaea       0xfe ./Drivers/STM32F4xx_HAL_Driver/Src/stm32f4xx_hal_i2c.o
 .text.I2C_WaitOnTXEFlagUntilTimeout
                0x000000000800abe8       0x82 ./Drivers/STM32F4xx_HAL_Driver/Src/stm32f4xx_hal_i2c.o
 .text.I2C_WaitOnBTFFlagUntilTimeout
                0x000000000800ac6a       0x82 ./Drivers/STM32F4xx_HAL_Driver/Src/stm32f4xx_hal_i2c.o
 .text.I2C_WaitOnRXNEFlagUntilTimeout
                0x000000000800acec       0xac ./Drivers/STM32F4xx_HAL_Driver/Src/stm32f4xx_hal_i2c.o
 .text.I2C_IsAcknowledgeFailed
                0x000000000800ad98       0x5e ./Drivers/STM32F4xx_HAL_Driver/Src/stm32f4xx_hal_i2c.o
 *fill*         0x000000000800adf6        0x2 
 .text.HAL_PWREx_EnableOverDrive
                0x000000000800adf8       0xa0 ./Drivers/STM32F4xx_HAL_Driver/Src/stm32f4xx_hal_pwr_ex.o
                0x000000000800adf8                HAL_PWREx_EnableOverDrive
 .text.HAL_RCC_ClockConfig
                0x000000000800ae98      0x1cc ./Drivers/STM32F4xx_HAL_Driver/Src/stm32f4xx_hal_rcc.o
                0x000000000800ae98                HAL_RCC_ClockConfig
 .text.HAL_RCC_GetHCLKFreq
                0x000000000800b064       0x18 ./Drivers/STM32F4xx_HAL_Driver/Src/stm32f4xx_hal_rcc.o
                0x000000000800b064                HAL_RCC_GetHCLKFreq
 .text.HAL_RCC_GetPCLK1Freq
                0x000000000800b07c       0x28 ./Drivers/STM32F4xx_HAL_Driver/Src/stm32f4xx_hal_rcc.o
                0x000000000800b07c                HAL_RCC_GetPCLK1Freq
 .text.HAL_RCC_GetPCLK2Freq
                0x000000000800b0a4       0x28 ./Drivers/STM32F4xx_HAL_Driver/Src/stm32f4xx_hal_rcc.o
                0x000000000800b0a4                HAL_RCC_GetPCLK2Freq
 .text.HAL_RCC_GetSysClockFreq
                0x000000000800b0cc      0x460 ./Drivers/STM32F4xx_HAL_Driver/Src/stm32f4xx_hal_rcc_ex.o
                0x000000000800b0cc                HAL_RCC_GetSysClockFreq
 .text.HAL_RCC_OscConfig
                0x000000000800b52c      0x53c ./Drivers/STM32F4xx_HAL_Driver/Src/stm32f4xx_hal_rcc_ex.o
                0x000000000800b52c                HAL_RCC_OscConfig
 .text.HAL_SPI_Init
                0x000000000800ba68      0x112 ./Drivers/STM32F4xx_HAL_Driver/Src/stm32f4xx_hal_spi.o
                0x000000000800ba68                HAL_SPI_Init
 .text.HAL_SPI_Transmit
                0x000000000800bb7a      0x278 ./Drivers/STM32F4xx_HAL_Driver/Src/stm32f4xx_hal_spi.o
                0x000000000800bb7a                HAL_SPI_Transmit
 *fill*         0x000000000800bdf2        0x2 
 .text.HAL_SPI_Transmit_DMA
                0x000000000800bdf4      0x16c ./Drivers/STM32F4xx_HAL_Driver/Src/stm32f4xx_hal_spi.o
                0x000000000800bdf4                HAL_SPI_Transmit_DMA
 .text.HAL_SPI_IRQHandler
                0x000000000800bf60      0x1e8 ./Drivers/STM32F4xx_HAL_Driver/Src/stm32f4xx_hal_spi.o
                0x000000000800bf60                HAL_SPI_IRQHandler
 .text.HAL_SPI_TxHalfCpltCallback
                0x000000000800c148       0x14 ./Drivers/STM32F4xx_HAL_Driver/Src/stm32f4xx_hal_spi.o
                0x000000000800c148                HAL_SPI_TxHalfCpltCallback
 .text.SPI_DMATransmitCplt
                0x000000000800c15c       0xa8 ./Drivers/STM32F4xx_HAL_Driver/Src/stm32f4xx_hal_spi.o
 .text.SPI_DMAHalfTransmitCplt
                0x000000000800c204       0x1c ./Drivers/STM32F4xx_HAL_Driver/Src/stm32f4xx_hal_spi.o
 .text.SPI_DMAError
                0x000000000800c220       0x40 ./Drivers/STM32F4xx_HAL_Driver/Src/stm32f4xx_hal_spi.o
 .text.SPI_DMAAbortOnError
                0x000000000800c260       0x28 ./Drivers/STM32F4xx_HAL_Driver/Src/stm32f4xx_hal_spi.o
 .text.SPI_WaitFlagStateUntilTimeout
                0x000000000800c288      0x110 ./Drivers/STM32F4xx_HAL_Driver/Src/stm32f4xx_hal_spi.o
 .text.SPI_EndRxTxTransaction
                0x000000000800c398       0x84 ./Drivers/STM32F4xx_HAL_Driver/Src/stm32f4xx_hal_spi.o
 .text.HAL_TIM_Base_Init
                0x000000000800c41c       0x9e ./Drivers/STM32F4xx_HAL_Driver/Src/stm32f4xx_hal_tim.o
                0x000000000800c41c                HAL_TIM_Base_Init
 *fill*         0x000000000800c4ba        0x2 
 .text.HAL_TIM_Base_Start_IT
                0x000000000800c4bc       0xe0 ./Drivers/STM32F4xx_HAL_Driver/Src/stm32f4xx_hal_tim.o
                0x000000000800c4bc                HAL_TIM_Base_Start_IT
 .text.HAL_TIM_IRQHandler
                0x000000000800c59c      0x210 ./Drivers/STM32F4xx_HAL_Driver/Src/stm32f4xx_hal_tim.o
                0x000000000800c59c                HAL_TIM_IRQHandler
 .text.HAL_TIM_ConfigClockSource
                0x000000000800c7ac      0x18e ./Drivers/STM32F4xx_HAL_Driver/Src/stm32f4xx_hal_tim.o
                0x000000000800c7ac                HAL_TIM_ConfigClockSource
 .text.HAL_TIM_PeriodElapsedCallback
                0x000000000800c93a       0x14 ./Drivers/STM32F4xx_HAL_Driver/Src/stm32f4xx_hal_tim.o
                0x000000000800c93a                HAL_TIM_PeriodElapsedCallback
 .text.HAL_TIM_OC_DelayElapsedCallback
                0x000000000800c94e       0x14 ./Drivers/STM32F4xx_HAL_Driver/Src/stm32f4xx_hal_tim.o
                0x000000000800c94e                HAL_TIM_OC_DelayElapsedCallback
 .text.HAL_TIM_IC_CaptureCallback
                0x000000000800c962       0x14 ./Drivers/STM32F4xx_HAL_Driver/Src/stm32f4xx_hal_tim.o
                0x000000000800c962                HAL_TIM_IC_CaptureCallback
 .text.HAL_TIM_PWM_PulseFinishedCallback
                0x000000000800c976       0x14 ./Drivers/STM32F4xx_HAL_Driver/Src/stm32f4xx_hal_tim.o
                0x000000000800c976                HAL_TIM_PWM_PulseFinishedCallback
 .text.HAL_TIM_TriggerCallback
                0x000000000800c98a       0x14 ./Drivers/STM32F4xx_HAL_Driver/Src/stm32f4xx_hal_tim.o
                0x000000000800c98a                HAL_TIM_TriggerCallback
 *fill*         0x000000000800c99e        0x2 
 .text.TIM_Base_SetConfig
                0x000000000800c9a0      0x140 ./Drivers/STM32F4xx_HAL_Driver/Src/stm32f4xx_hal_tim.o
                0x000000000800c9a0                TIM_Base_SetConfig
 .text.TIM_TI1_ConfigInputStage
                0x000000000800cae0       0x5e ./Drivers/STM32F4xx_HAL_Driver/Src/stm32f4xx_hal_tim.o
 .text.TIM_TI2_ConfigInputStage
                0x000000000800cb3e       0x60 ./Drivers/STM32F4xx_HAL_Driver/Src/stm32f4xx_hal_tim.o
 .text.TIM_ITRx_SetConfig
                0x000000000800cb9e       0x36 ./Drivers/STM32F4xx_HAL_Driver/Src/stm32f4xx_hal_tim.o
 .text.TIM_ETR_SetConfig
                0x000000000800cbd4       0x40 ./Drivers/STM32F4xx_HAL_Driver/Src/stm32f4xx_hal_tim.o
                0x000000000800cbd4                TIM_ETR_SetConfig
 .text.HAL_TIMEx_MasterConfigSynchronization
                0x000000000800cc14       0xf8 ./Drivers/STM32F4xx_HAL_Driver/Src/stm32f4xx_hal_tim_ex.o
                0x000000000800cc14                HAL_TIMEx_MasterConfigSynchronization
 .text.HAL_TIMEx_CommutCallback
                0x000000000800cd0c       0x14 ./Drivers/STM32F4xx_HAL_Driver/Src/stm32f4xx_hal_tim_ex.o
                0x000000000800cd0c                HAL_TIMEx_CommutCallback
 .text.HAL_TIMEx_BreakCallback
                0x000000000800cd20       0x14 ./Drivers/STM32F4xx_HAL_Driver/Src/stm32f4xx_hal_tim_ex.o
                0x000000000800cd20                HAL_TIMEx_BreakCallback
 .text.HAL_UART_Init
                0x000000000800cd34       0x9a ./Drivers/STM32F4xx_HAL_Driver/Src/stm32f4xx_hal_uart.o
                0x000000000800cd34                HAL_UART_Init
 .text.HAL_UART_Transmit
                0x000000000800cdce      0x124 ./Drivers/STM32F4xx_HAL_Driver/Src/stm32f4xx_hal_uart.o
                0x000000000800cdce                HAL_UART_Transmit
 .text.HAL_UART_Receive_IT
                0x000000000800cef2       0x60 ./Drivers/STM32F4xx_HAL_Driver/Src/stm32f4xx_hal_uart.o
                0x000000000800cef2                HAL_UART_Receive_IT
 *fill*         0x000000000800cf52        0x2 
 .text.HAL_UART_IRQHandler
                0x000000000800cf54      0x51c ./Drivers/STM32F4xx_HAL_Driver/Src/stm32f4xx_hal_uart.o
                0x000000000800cf54                HAL_UART_IRQHandler
 .text.HAL_UART_TxCpltCallback
                0x000000000800d470       0x14 ./Drivers/STM32F4xx_HAL_Driver/Src/stm32f4xx_hal_uart.o
                0x000000000800d470                HAL_UART_TxCpltCallback
 .text.HAL_UART_ErrorCallback
                0x000000000800d484       0x14 ./Drivers/STM32F4xx_HAL_Driver/Src/stm32f4xx_hal_uart.o
                0x000000000800d484                HAL_UART_ErrorCallback
 .text.HAL_UARTEx_RxEventCallback
                0x000000000800d498       0x18 ./Drivers/STM32F4xx_HAL_Driver/Src/stm32f4xx_hal_uart.o
                0x000000000800d498                HAL_UARTEx_RxEventCallback
 .text.UART_WaitOnFlagUntilTimeout
                0x000000000800d4b0       0xdc ./Drivers/STM32F4xx_HAL_Driver/Src/stm32f4xx_hal_uart.o
 .text.UART_Start_Receive_IT
                0x000000000800d58c       0x7c ./Drivers/STM32F4xx_HAL_Driver/Src/stm32f4xx_hal_uart.o
                0x000000000800d58c                UART_Start_Receive_IT
 .text.UART_EndRxTransfer
                0x000000000800d608       0xc6 ./Drivers/STM32F4xx_HAL_Driver/Src/stm32f4xx_hal_uart.o
 .text.UART_DMAAbortOnError
                0x000000000800d6ce       0x28 ./Drivers/STM32F4xx_HAL_Driver/Src/stm32f4xx_hal_uart.o
 .text.UART_Transmit_IT
                0x000000000800d6f6       0xa0 ./Drivers/STM32F4xx_HAL_Driver/Src/stm32f4xx_hal_uart.o
 .text.UART_EndTransmit_IT
                0x000000000800d796       0x30 ./Drivers/STM32F4xx_HAL_Driver/Src/stm32f4xx_hal_uart.o
 .text.UART_Receive_IT
                0x000000000800d7c6      0x176 ./Drivers/STM32F4xx_HAL_Driver/Src/stm32f4xx_hal_uart.o
 .text.UART_SetConfig
                0x000000000800d93c      0x4e8 ./Drivers/STM32F4xx_HAL_Driver/Src/stm32f4xx_hal_uart.o
 .text.__cvt    0x000000000800de24       0xc4 /Applications/STM32/STM32CubeIDE.app/Contents/Eclipse/plugins/com.st.stm32cube.ide.mcu.externaltools.gnu-tools-for-stm32.11.3.rel1.macos64_1.1.100.202310310803/tools/bin/../lib/gcc/arm-none-eabi/11.3.1/../../../../arm-none-eabi/lib/thumb/v7e-m+fp/hard/libc_nano.a(libc_a-nano-vfprintf_float.o)
                0x000000000800de24                __cvt
 .text.__exponent
                0x000000000800dee8       0x7c /Applications/STM32/STM32CubeIDE.app/Contents/Eclipse/plugins/com.st.stm32cube.ide.mcu.externaltools.gnu-tools-for-stm32.11.3.rel1.macos64_1.1.100.202310310803/tools/bin/../lib/gcc/arm-none-eabi/11.3.1/../../../../arm-none-eabi/lib/thumb/v7e-m+fp/hard/libc_nano.a(libc_a-nano-vfprintf_float.o)
                0x000000000800dee8                __exponent
 .text._printf_float
                0x000000000800df64      0x46c /Applications/STM32/STM32CubeIDE.app/Contents/Eclipse/plugins/com.st.stm32cube.ide.mcu.externaltools.gnu-tools-for-stm32.11.3.rel1.macos64_1.1.100.202310310803/tools/bin/../lib/gcc/arm-none-eabi/11.3.1/../../../../arm-none-eabi/lib/thumb/v7e-m+fp/hard/libc_nano.a(libc_a-nano-vfprintf_float.o)
                0x000000000800df64                _printf_float
 .text.malloc   0x000000000800e3d0       0x10 /Applications/STM32/STM32CubeIDE.app/Contents/Eclipse/plugins/com.st.stm32cube.ide.mcu.externaltools.gnu-tools-for-stm32.11.3.rel1.macos64_1.1.100.202310310803/tools/bin/../lib/gcc/arm-none-eabi/11.3.1/../../../../arm-none-eabi/lib/thumb/v7e-m+fp/hard/libc_nano.a(libc_a-malloc.o)
                0x000000000800e3d0                malloc
 .text.sbrk_aligned
                0x000000000800e3e0       0x40 /Applications/STM32/STM32CubeIDE.app/Contents/Eclipse/plugins/com.st.stm32cube.ide.mcu.externaltools.gnu-tools-for-stm32.11.3.rel1.macos64_1.1.100.202310310803/tools/bin/../lib/gcc/arm-none-eabi/11.3.1/../../../../arm-none-eabi/lib/thumb/v7e-m+fp/hard/libc_nano.a(libc_a-mallocr.o)
 .text._malloc_r
                0x000000000800e420      0x100 /Applications/STM32/STM32CubeIDE.app/Contents/Eclipse/plugins/com.st.stm32cube.ide.mcu.externaltools.gnu-tools-for-stm32.11.3.rel1.macos64_1.1.100.202310310803/tools/bin/../lib/gcc/arm-none-eabi/11.3.1/../../../../arm-none-eabi/lib/thumb/v7e-m+fp/hard/libc_nano.a(libc_a-mallocr.o)
                0x000000000800e420                _malloc_r
 .text._printf_common
                0x000000000800e520       0xda /Applications/STM32/STM32CubeIDE.app/Contents/Eclipse/plugins/com.st.stm32cube.ide.mcu.externaltools.gnu-tools-for-stm32.11.3.rel1.macos64_1.1.100.202310310803/tools/bin/../lib/gcc/arm-none-eabi/11.3.1/../../../../arm-none-eabi/lib/thumb/v7e-m+fp/hard/libc_nano.a(libc_a-nano-vfprintf_i.o)
                0x000000000800e520                _printf_common
 *fill*         0x000000000800e5fa        0x2 
 .text._printf_i
                0x000000000800e5fc      0x244 /Applications/STM32/STM32CubeIDE.app/Contents/Eclipse/plugins/com.st.stm32cube.ide.mcu.externaltools.gnu-tools-for-stm32.11.3.rel1.macos64_1.1.100.202310310803/tools/bin/../lib/gcc/arm-none-eabi/11.3.1/../../../../arm-none-eabi/lib/thumb/v7e-m+fp/hard/libc_nano.a(libc_a-nano-vfprintf_i.o)
                0x000000000800e5fc                _printf_i
 .text.snprintf
                0x000000000800e840       0x68 /Applications/STM32/STM32CubeIDE.app/Contents/Eclipse/plugins/com.st.stm32cube.ide.mcu.externaltools.gnu-tools-for-stm32.11.3.rel1.macos64_1.1.100.202310310803/tools/bin/../lib/gcc/arm-none-eabi/11.3.1/../../../../arm-none-eabi/lib/thumb/v7e-m+fp/hard/libc_nano.a(libc_a-snprintf.o)
                0x000000000800e840                snprintf
                0x000000000800e840                sniprintf
 .text.__malloc_lock
                0x000000000800e8a8        0xc /Applications/STM32/STM32CubeIDE.app/Contents/Eclipse/plugins/com.st.stm32cube.ide.mcu.externaltools.gnu-tools-for-stm32.11.3.rel1.macos64_1.1.100.202310310803/tools/bin/../lib/gcc/arm-none-eabi/11.3.1/../../../../arm-none-eabi/lib/thumb/v7e-m+fp/hard/libc_nano.a(libc_a-mlock.o)
                0x000000000800e8a8                __malloc_lock
 .text.__malloc_unlock
                0x000000000800e8b4        0xc /Applications/STM32/STM32CubeIDE.app/Contents/Eclipse/plugins/com.st.stm32cube.ide.mcu.externaltools.gnu-tools-for-stm32.11.3.rel1.macos64_1.1.100.202310310803/tools/bin/../lib/gcc/arm-none-eabi/11.3.1/../../../../arm-none-eabi/lib/thumb/v7e-m+fp/hard/libc_nano.a(libc_a-mlock.o)
                0x000000000800e8b4                __malloc_unlock
 .text.sprintf  0x000000000800e8c0       0x40 /Applications/STM32/STM32CubeIDE.app/Contents/Eclipse/plugins/com.st.stm32cube.ide.mcu.externaltools.gnu-tools-for-stm32.11.3.rel1.macos64_1.1.100.202310310803/tools/bin/../lib/gcc/arm-none-eabi/11.3.1/../../../../arm-none-eabi/lib/thumb/v7e-m+fp/hard/libc_nano.a(libc_a-sprintf.o)
                0x000000000800e8c0                sprintf
                0x000000000800e8c0                siprintf
 .text.sscanf   0x000000000800e900       0x58 /Applications/STM32/STM32CubeIDE.app/Contents/Eclipse/plugins/com.st.stm32cube.ide.mcu.externaltools.gnu-tools-for-stm32.11.3.rel1.macos64_1.1.100.202310310803/tools/bin/../lib/gcc/arm-none-eabi/11.3.1/../../../../arm-none-eabi/lib/thumb/v7e-m+fp/hard/libc_nano.a(libc_a-sscanf.o)
                0x000000000800e900                sscanf
                0x000000000800e900                siscanf
 .text.__sread  0x000000000800e958       0x22 /Applications/STM32/STM32CubeIDE.app/Contents/Eclipse/plugins/com.st.stm32cube.ide.mcu.externaltools.gnu-tools-for-stm32.11.3.rel1.macos64_1.1.100.202310310803/tools/bin/../lib/gcc/arm-none-eabi/11.3.1/../../../../arm-none-eabi/lib/thumb/v7e-m+fp/hard/libc_nano.a(libc_a-stdio.o)
                0x000000000800e958                __sread
 .text.__seofread
                0x000000000800e97a        0x4 /Applications/STM32/STM32CubeIDE.app/Contents/Eclipse/plugins/com.st.stm32cube.ide.mcu.externaltools.gnu-tools-for-stm32.11.3.rel1.macos64_1.1.100.202310310803/tools/bin/../lib/gcc/arm-none-eabi/11.3.1/../../../../arm-none-eabi/lib/thumb/v7e-m+fp/hard/libc_nano.a(libc_a-stdio.o)
                0x000000000800e97a                __seofread
 .text.__swrite
                0x000000000800e97e       0x38 /Applications/STM32/STM32CubeIDE.app/Contents/Eclipse/plugins/com.st.stm32cube.ide.mcu.externaltools.gnu-tools-for-stm32.11.3.rel1.macos64_1.1.100.202310310803/tools/bin/../lib/gcc/arm-none-eabi/11.3.1/../../../../arm-none-eabi/lib/thumb/v7e-m+fp/hard/libc_nano.a(libc_a-stdio.o)
                0x000000000800e97e                __swrite
 .text.__sseek  0x000000000800e9b6       0x24 /Applications/STM32/STM32CubeIDE.app/Contents/Eclipse/plugins/com.st.stm32cube.ide.mcu.externaltools.gnu-tools-for-stm32.11.3.rel1.macos64_1.1.100.202310310803/tools/bin/../lib/gcc/arm-none-eabi/11.3.1/../../../../arm-none-eabi/lib/thumb/v7e-m+fp/hard/libc_nano.a(libc_a-stdio.o)
                0x000000000800e9b6                __sseek
 .text.__sclose
                0x000000000800e9da        0x8 /Applications/STM32/STM32CubeIDE.app/Contents/Eclipse/plugins/com.st.stm32cube.ide.mcu.externaltools.gnu-tools-for-stm32.11.3.rel1.macos64_1.1.100.202310310803/tools/bin/../lib/gcc/arm-none-eabi/11.3.1/../../../../arm-none-eabi/lib/thumb/v7e-m+fp/hard/libc_nano.a(libc_a-stdio.o)
                0x000000000800e9da                __sclose
 *fill*         0x000000000800e9e2        0x2 
 .text.std      0x000000000800e9e4       0x6c /Applications/STM32/STM32CubeIDE.app/Contents/Eclipse/plugins/com.st.stm32cube.ide.mcu.externaltools.gnu-tools-for-stm32.11.3.rel1.macos64_1.1.100.202310310803/tools/bin/../lib/gcc/arm-none-eabi/11.3.1/../../../../arm-none-eabi/lib/thumb/v7e-m+fp/hard/libc_nano.a(libc_a-findfp.o)
 .text.stdio_exit_handler
                0x000000000800ea50       0x18 /Applications/STM32/STM32CubeIDE.app/Contents/Eclipse/plugins/com.st.stm32cube.ide.mcu.externaltools.gnu-tools-for-stm32.11.3.rel1.macos64_1.1.100.202310310803/tools/bin/../lib/gcc/arm-none-eabi/11.3.1/../../../../arm-none-eabi/lib/thumb/v7e-m+fp/hard/libc_nano.a(libc_a-findfp.o)
 .text.cleanup_stdio
                0x000000000800ea68       0x40 /Applications/STM32/STM32CubeIDE.app/Contents/Eclipse/plugins/com.st.stm32cube.ide.mcu.externaltools.gnu-tools-for-stm32.11.3.rel1.macos64_1.1.100.202310310803/tools/bin/../lib/gcc/arm-none-eabi/11.3.1/../../../../arm-none-eabi/lib/thumb/v7e-m+fp/hard/libc_nano.a(libc_a-findfp.o)
 .text.global_stdio_init.part.0
                0x000000000800eaa8       0x3c /Applications/STM32/STM32CubeIDE.app/Contents/Eclipse/plugins/com.st.stm32cube.ide.mcu.externaltools.gnu-tools-for-stm32.11.3.rel1.macos64_1.1.100.202310310803/tools/bin/../lib/gcc/arm-none-eabi/11.3.1/../../../../arm-none-eabi/lib/thumb/v7e-m+fp/hard/libc_nano.a(libc_a-findfp.o)
 .text.__sfp_lock_acquire
                0x000000000800eae4        0xc /Applications/STM32/STM32CubeIDE.app/Contents/Eclipse/plugins/com.st.stm32cube.ide.mcu.externaltools.gnu-tools-for-stm32.11.3.rel1.macos64_1.1.100.202310310803/tools/bin/../lib/gcc/arm-none-eabi/11.3.1/../../../../arm-none-eabi/lib/thumb/v7e-m+fp/hard/libc_nano.a(libc_a-findfp.o)
                0x000000000800eae4                __sfp_lock_acquire
 .text.__sfp_lock_release
                0x000000000800eaf0        0xc /Applications/STM32/STM32CubeIDE.app/Contents/Eclipse/plugins/com.st.stm32cube.ide.mcu.externaltools.gnu-tools-for-stm32.11.3.rel1.macos64_1.1.100.202310310803/tools/bin/../lib/gcc/arm-none-eabi/11.3.1/../../../../arm-none-eabi/lib/thumb/v7e-m+fp/hard/libc_nano.a(libc_a-findfp.o)
                0x000000000800eaf0                __sfp_lock_release
 .text.__sinit  0x000000000800eafc       0x30 /Applications/STM32/STM32CubeIDE.app/Contents/Eclipse/plugins/com.st.stm32cube.ide.mcu.externaltools.gnu-tools-for-stm32.11.3.rel1.macos64_1.1.100.202310310803/tools/bin/../lib/gcc/arm-none-eabi/11.3.1/../../../../arm-none-eabi/lib/thumb/v7e-m+fp/hard/libc_nano.a(libc_a-findfp.o)
                0x000000000800eafc                __sinit
 .text._strtol_l.constprop.0
                0x000000000800eb2c      0x104 /Applications/STM32/STM32CubeIDE.app/Contents/Eclipse/plugins/com.st.stm32cube.ide.mcu.externaltools.gnu-tools-for-stm32.11.3.rel1.macos64_1.1.100.202310310803/tools/bin/../lib/gcc/arm-none-eabi/11.3.1/../../../../arm-none-eabi/lib/thumb/v7e-m+fp/hard/libc_nano.a(libc_a-strtol.o)
 .text._strtol_r
                0x000000000800ec30        0x4 /Applications/STM32/STM32CubeIDE.app/Contents/Eclipse/plugins/com.st.stm32cube.ide.mcu.externaltools.gnu-tools-for-stm32.11.3.rel1.macos64_1.1.100.202310310803/tools/bin/../lib/gcc/arm-none-eabi/11.3.1/../../../../arm-none-eabi/lib/thumb/v7e-m+fp/hard/libc_nano.a(libc_a-strtol.o)
                0x000000000800ec30                _strtol_r
 .text._fwalk_sglue
                0x000000000800ec34       0x3c /Applications/STM32/STM32CubeIDE.app/Contents/Eclipse/plugins/com.st.stm32cube.ide.mcu.externaltools.gnu-tools-for-stm32.11.3.rel1.macos64_1.1.100.202310310803/tools/bin/../lib/gcc/arm-none-eabi/11.3.1/../../../../arm-none-eabi/lib/thumb/v7e-m+fp/hard/libc_nano.a(libc_a-fwalk.o)
                0x000000000800ec34                _fwalk_sglue
 .text._vsnprintf_r
                0x000000000800ec70       0x56 /Applications/STM32/STM32CubeIDE.app/Contents/Eclipse/plugins/com.st.stm32cube.ide.mcu.externaltools.gnu-tools-for-stm32.11.3.rel1.macos64_1.1.100.202310310803/tools/bin/../lib/gcc/arm-none-eabi/11.3.1/../../../../arm-none-eabi/lib/thumb/v7e-m+fp/hard/libc_nano.a(libc_a-vsnprintf.o)
                0x000000000800ec70                _vsnprintf_r
                0x000000000800ec70                _vsniprintf_r
 *fill*         0x000000000800ecc6        0x2 
 .text.vsnprintf
                0x000000000800ecc8       0x1c /Applications/STM32/STM32CubeIDE.app/Contents/Eclipse/plugins/com.st.stm32cube.ide.mcu.externaltools.gnu-tools-for-stm32.11.3.rel1.macos64_1.1.100.202310310803/tools/bin/../lib/gcc/arm-none-eabi/11.3.1/../../../../arm-none-eabi/lib/thumb/v7e-m+fp/hard/libc_nano.a(libc_a-vsnprintf.o)
                0x000000000800ecc8                vsnprintf
                0x000000000800ecc8                vsniprintf
 .text.printf   0x000000000800ece4       0x24 /Applications/STM32/STM32CubeIDE.app/Contents/Eclipse/plugins/com.st.stm32cube.ide.mcu.externaltools.gnu-tools-for-stm32.11.3.rel1.macos64_1.1.100.202310310803/tools/bin/../lib/gcc/arm-none-eabi/11.3.1/../../../../arm-none-eabi/lib/thumb/v7e-m+fp/hard/libc_nano.a(libc_a-printf.o)
                0x000000000800ece4                printf
                0x000000000800ece4                iprintf
 .text.memset   0x000000000800ed08       0x10 /Applications/STM32/STM32CubeIDE.app/Contents/Eclipse/plugins/com.st.stm32cube.ide.mcu.externaltools.gnu-tools-for-stm32.11.3.rel1.macos64_1.1.100.202310310803/tools/bin/../lib/gcc/arm-none-eabi/11.3.1/../../../../arm-none-eabi/lib/thumb/v7e-m+fp/hard/libc_nano.a(libc_a-memset.o)
                0x000000000800ed08                memset
 .text._localeconv_r
                0x000000000800ed18        0x8 /Applications/STM32/STM32CubeIDE.app/Contents/Eclipse/plugins/com.st.stm32cube.ide.mcu.externaltools.gnu-tools-for-stm32.11.3.rel1.macos64_1.1.100.202310310803/tools/bin/../lib/gcc/arm-none-eabi/11.3.1/../../../../arm-none-eabi/lib/thumb/v7e-m+fp/hard/libc_nano.a(libc_a-localeconv.o)
                0x000000000800ed18                _localeconv_r
 .text._close_r
                0x000000000800ed20       0x20 /Applications/STM32/STM32CubeIDE.app/Contents/Eclipse/plugins/com.st.stm32cube.ide.mcu.externaltools.gnu-tools-for-stm32.11.3.rel1.macos64_1.1.100.202310310803/tools/bin/../lib/gcc/arm-none-eabi/11.3.1/../../../../arm-none-eabi/lib/thumb/v7e-m+fp/hard/libc_nano.a(libc_a-closer.o)
                0x000000000800ed20                _close_r
 .text._lseek_r
                0x000000000800ed40       0x24 /Applications/STM32/STM32CubeIDE.app/Contents/Eclipse/plugins/com.st.stm32cube.ide.mcu.externaltools.gnu-tools-for-stm32.11.3.rel1.macos64_1.1.100.202310310803/tools/bin/../lib/gcc/arm-none-eabi/11.3.1/../../../../arm-none-eabi/lib/thumb/v7e-m+fp/hard/libc_nano.a(libc_a-lseekr.o)
                0x000000000800ed40                _lseek_r
 .text._read_r  0x000000000800ed64       0x24 /Applications/STM32/STM32CubeIDE.app/Contents/Eclipse/plugins/com.st.stm32cube.ide.mcu.externaltools.gnu-tools-for-stm32.11.3.rel1.macos64_1.1.100.202310310803/tools/bin/../lib/gcc/arm-none-eabi/11.3.1/../../../../arm-none-eabi/lib/thumb/v7e-m+fp/hard/libc_nano.a(libc_a-readr.o)
                0x000000000800ed64                _read_r
 .text._sbrk_r  0x000000000800ed88       0x20 /Applications/STM32/STM32CubeIDE.app/Contents/Eclipse/plugins/com.st.stm32cube.ide.mcu.externaltools.gnu-tools-for-stm32.11.3.rel1.macos64_1.1.100.202310310803/tools/bin/../lib/gcc/arm-none-eabi/11.3.1/../../../../arm-none-eabi/lib/thumb/v7e-m+fp/hard/libc_nano.a(libc_a-sbrkr.o)
                0x000000000800ed88                _sbrk_r
 .text._write_r
                0x000000000800eda8       0x24 /Applications/STM32/STM32CubeIDE.app/Contents/Eclipse/plugins/com.st.stm32cube.ide.mcu.externaltools.gnu-tools-for-stm32.11.3.rel1.macos64_1.1.100.202310310803/tools/bin/../lib/gcc/arm-none-eabi/11.3.1/../../../../arm-none-eabi/lib/thumb/v7e-m+fp/hard/libc_nano.a(libc_a-writer.o)
                0x000000000800eda8                _write_r
 .text.__errno  0x000000000800edcc        0xc /Applications/STM32/STM32CubeIDE.app/Contents/Eclipse/plugins/com.st.stm32cube.ide.mcu.externaltools.gnu-tools-for-stm32.11.3.rel1.macos64_1.1.100.202310310803/tools/bin/../lib/gcc/arm-none-eabi/11.3.1/../../../../arm-none-eabi/lib/thumb/v7e-m+fp/hard/libc_nano.a(libc_a-errno.o)
                0x000000000800edcc                __errno
 .text.__libc_init_array
                0x000000000800edd8       0x48 /Applications/STM32/STM32CubeIDE.app/Contents/Eclipse/plugins/com.st.stm32cube.ide.mcu.externaltools.gnu-tools-for-stm32.11.3.rel1.macos64_1.1.100.202310310803/tools/bin/../lib/gcc/arm-none-eabi/11.3.1/../../../../arm-none-eabi/lib/thumb/v7e-m+fp/hard/libc_nano.a(libc_a-init.o)
                0x000000000800edd8                __libc_init_array
 .text.__retarget_lock_init_recursive
                0x000000000800ee20        0x2 /Applications/STM32/STM32CubeIDE.app/Contents/Eclipse/plugins/com.st.stm32cube.ide.mcu.externaltools.gnu-tools-for-stm32.11.3.rel1.macos64_1.1.100.202310310803/tools/bin/../lib/gcc/arm-none-eabi/11.3.1/../../../../arm-none-eabi/lib/thumb/v7e-m+fp/hard/libc_nano.a(libc_a-lock.o)
                0x000000000800ee20                __retarget_lock_init_recursive
 .text.__retarget_lock_acquire_recursive
                0x000000000800ee22        0x2 /Applications/STM32/STM32CubeIDE.app/Contents/Eclipse/plugins/com.st.stm32cube.ide.mcu.externaltools.gnu-tools-for-stm32.11.3.rel1.macos64_1.1.100.202310310803/tools/bin/../lib/gcc/arm-none-eabi/11.3.1/../../../../arm-none-eabi/lib/thumb/v7e-m+fp/hard/libc_nano.a(libc_a-lock.o)
                0x000000000800ee22                __retarget_lock_acquire_recursive
 .text.__retarget_lock_release_recursive
                0x000000000800ee24        0x2 /Applications/STM32/STM32CubeIDE.app/Contents/Eclipse/plugins/com.st.stm32cube.ide.mcu.externaltools.gnu-tools-for-stm32.11.3.rel1.macos64_1.1.100.202310310803/tools/bin/../lib/gcc/arm-none-eabi/11.3.1/../../../../arm-none-eabi/lib/thumb/v7e-m+fp/hard/libc_nano.a(libc_a-lock.o)
                0x000000000800ee24                __retarget_lock_release_recursive
 .text.memcpy   0x000000000800ee26       0x1c /Applications/STM32/STM32CubeIDE.app/Contents/Eclipse/plugins/com.st.stm32cube.ide.mcu.externaltools.gnu-tools-for-stm32.11.3.rel1.macos64_1.1.100.202310310803/tools/bin/../lib/gcc/arm-none-eabi/11.3.1/../../../../arm-none-eabi/lib/thumb/v7e-m+fp/hard/libc_nano.a(libc_a-memcpy-stub.o)
                0x000000000800ee26                memcpy
 *fill*         0x000000000800ee42        0x2 
 .text.__assert_func
                0x000000000800ee44       0x3c /Applications/STM32/STM32CubeIDE.app/Contents/Eclipse/plugins/com.st.stm32cube.ide.mcu.externaltools.gnu-tools-for-stm32.11.3.rel1.macos64_1.1.100.202310310803/tools/bin/../lib/gcc/arm-none-eabi/11.3.1/../../../../arm-none-eabi/lib/thumb/v7e-m+fp/hard/libc_nano.a(libc_a-assert.o)
                0x000000000800ee44                __assert_func
 .text.quorem   0x000000000800ee80      0x110 /Applications/STM32/STM32CubeIDE.app/Contents/Eclipse/plugins/com.st.stm32cube.ide.mcu.externaltools.gnu-tools-for-stm32.11.3.rel1.macos64_1.1.100.202310310803/tools/bin/../lib/gcc/arm-none-eabi/11.3.1/../../../../arm-none-eabi/lib/thumb/v7e-m+fp/hard/libc_nano.a(libc_a-dtoa.o)
 .text._dtoa_r  0x000000000800ef90      0xbe4 /Applications/STM32/STM32CubeIDE.app/Contents/Eclipse/plugins/com.st.stm32cube.ide.mcu.externaltools.gnu-tools-for-stm32.11.3.rel1.macos64_1.1.100.202310310803/tools/bin/../lib/gcc/arm-none-eabi/11.3.1/../../../../arm-none-eabi/lib/thumb/v7e-m+fp/hard/libc_nano.a(libc_a-dtoa.o)
                0x000000000800ef90                _dtoa_r
 .text._free_r  0x000000000800fb74       0x98 /Applications/STM32/STM32CubeIDE.app/Contents/Eclipse/plugins/com.st.stm32cube.ide.mcu.externaltools.gnu-tools-for-stm32.11.3.rel1.macos64_1.1.100.202310310803/tools/bin/../lib/gcc/arm-none-eabi/11.3.1/../../../../arm-none-eabi/lib/thumb/v7e-m+fp/hard/libc_nano.a(libc_a-freer.o)
                0x000000000800fb74                _free_r
 .text.__ssputs_r
                0x000000000800fc0c       0xb4 /Applications/STM32/STM32CubeIDE.app/Contents/Eclipse/plugins/com.st.stm32cube.ide.mcu.externaltools.gnu-tools-for-stm32.11.3.rel1.macos64_1.1.100.202310310803/tools/bin/../lib/gcc/arm-none-eabi/11.3.1/../../../../arm-none-eabi/lib/thumb/v7e-m+fp/hard/libc_nano.a(libc_a-nano-svfprintf.o)
                0x000000000800fc0c                __ssputs_r
 .text._svfprintf_r
                0x000000000800fcc0      0x1fc /Applications/STM32/STM32CubeIDE.app/Contents/Eclipse/plugins/com.st.stm32cube.ide.mcu.externaltools.gnu-tools-for-stm32.11.3.rel1.macos64_1.1.100.202310310803/tools/bin/../lib/gcc/arm-none-eabi/11.3.1/../../../../arm-none-eabi/lib/thumb/v7e-m+fp/hard/libc_nano.a(libc_a-nano-svfprintf.o)
                0x000000000800fcc0                _svfprintf_r
                0x000000000800fcc0                _svfiprintf_r
 .text._sungetc_r
                0x000000000800febc       0x7a /Applications/STM32/STM32CubeIDE.app/Contents/Eclipse/plugins/com.st.stm32cube.ide.mcu.externaltools.gnu-tools-for-stm32.11.3.rel1.macos64_1.1.100.202310310803/tools/bin/../lib/gcc/arm-none-eabi/11.3.1/../../../../arm-none-eabi/lib/thumb/v7e-m+fp/hard/libc_nano.a(libc_a-nano-svfscanf.o)
                0x000000000800febc                _sungetc_r
 .text.__ssrefill_r
                0x000000000800ff36       0x3a /Applications/STM32/STM32CubeIDE.app/Contents/Eclipse/plugins/com.st.stm32cube.ide.mcu.externaltools.gnu-tools-for-stm32.11.3.rel1.macos64_1.1.100.202310310803/tools/bin/../lib/gcc/arm-none-eabi/11.3.1/../../../../arm-none-eabi/lib/thumb/v7e-m+fp/hard/libc_nano.a(libc_a-nano-svfscanf.o)
                0x000000000800ff36                __ssrefill_r
 .text.__ssvfscanf_r
                0x000000000800ff70      0x2f0 /Applications/STM32/STM32CubeIDE.app/Contents/Eclipse/plugins/com.st.stm32cube.ide.mcu.externaltools.gnu-tools-for-stm32.11.3.rel1.macos64_1.1.100.202310310803/tools/bin/../lib/gcc/arm-none-eabi/11.3.1/../../../../arm-none-eabi/lib/thumb/v7e-m+fp/hard/libc_nano.a(libc_a-nano-svfscanf.o)
                0x000000000800ff70                __ssvfscanf_r
                0x000000000800ff70                __ssvfiscanf_r
 .text.__sfputc_r
                0x0000000008010260       0x2e /Applications/STM32/STM32CubeIDE.app/Contents/Eclipse/plugins/com.st.stm32cube.ide.mcu.externaltools.gnu-tools-for-stm32.11.3.rel1.macos64_1.1.100.202310310803/tools/bin/../lib/gcc/arm-none-eabi/11.3.1/../../../../arm-none-eabi/lib/thumb/v7e-m+fp/hard/libc_nano.a(libc_a-nano-vfprintf.o)
 .text.__sfputs_r
                0x000000000801028e       0x24 /Applications/STM32/STM32CubeIDE.app/Contents/Eclipse/plugins/com.st.stm32cube.ide.mcu.externaltools.gnu-tools-for-stm32.11.3.rel1.macos64_1.1.100.202310310803/tools/bin/../lib/gcc/arm-none-eabi/11.3.1/../../../../arm-none-eabi/lib/thumb/v7e-m+fp/hard/libc_nano.a(libc_a-nano-vfprintf.o)
                0x000000000801028e                __sfputs_r
 *fill*         0x00000000080102b2        0x2 
 .text._vfprintf_r
                0x00000000080102b4      0x234 /Applications/STM32/STM32CubeIDE.app/Contents/Eclipse/plugins/com.st.stm32cube.ide.mcu.externaltools.gnu-tools-for-stm32.11.3.rel1.macos64_1.1.100.202310310803/tools/bin/../lib/gcc/arm-none-eabi/11.3.1/../../../../arm-none-eabi/lib/thumb/v7e-m+fp/hard/libc_nano.a(libc_a-nano-vfprintf.o)
                0x00000000080102b4                _vfiprintf_r
                0x00000000080102b4                _vfprintf_r
 .text._scanf_chars
                0x00000000080104e8       0xb4 /Applications/STM32/STM32CubeIDE.app/Contents/Eclipse/plugins/com.st.stm32cube.ide.mcu.externaltools.gnu-tools-for-stm32.11.3.rel1.macos64_1.1.100.202310310803/tools/bin/../lib/gcc/arm-none-eabi/11.3.1/../../../../arm-none-eabi/lib/thumb/v7e-m+fp/hard/libc_nano.a(libc_a-nano-vfscanf_i.o)
                0x00000000080104e8                _scanf_chars
 .text._scanf_i
                0x000000000801059c      0x1e8 /Applications/STM32/STM32CubeIDE.app/Contents/Eclipse/plugins/com.st.stm32cube.ide.mcu.externaltools.gnu-tools-for-stm32.11.3.rel1.macos64_1.1.100.202310310803/tools/bin/../lib/gcc/arm-none-eabi/11.3.1/../../../../arm-none-eabi/lib/thumb/v7e-m+fp/hard/libc_nano.a(libc_a-nano-vfscanf_i.o)
                0x000000000801059c                _scanf_i
 .text.__sccl   0x0000000008010784       0x72 /Applications/STM32/STM32CubeIDE.app/Contents/Eclipse/plugins/com.st.stm32cube.ide.mcu.externaltools.gnu-tools-for-stm32.11.3.rel1.macos64_1.1.100.202310310803/tools/bin/../lib/gcc/arm-none-eabi/11.3.1/../../../../arm-none-eabi/lib/thumb/v7e-m+fp/hard/libc_nano.a(libc_a-sccl.o)
                0x0000000008010784                __sccl
 *fill*         0x00000000080107f6        0x2 
 .text.__sflush_r
                0x00000000080107f8      0x10c /Applications/STM32/STM32CubeIDE.app/Contents/Eclipse/plugins/com.st.stm32cube.ide.mcu.externaltools.gnu-tools-for-stm32.11.3.rel1.macos64_1.1.100.202310310803/tools/bin/../lib/gcc/arm-none-eabi/11.3.1/../../../../arm-none-eabi/lib/thumb/v7e-m+fp/hard/libc_nano.a(libc_a-fflush.o)
                0x00000000080107f8                __sflush_r
 .text._fflush_r
                0x0000000008010904       0x50 /Applications/STM32/STM32CubeIDE.app/Contents/Eclipse/plugins/com.st.stm32cube.ide.mcu.externaltools.gnu-tools-for-stm32.11.3.rel1.macos64_1.1.100.202310310803/tools/bin/../lib/gcc/arm-none-eabi/11.3.1/../../../../arm-none-eabi/lib/thumb/v7e-m+fp/hard/libc_nano.a(libc_a-fflush.o)
                0x0000000008010904                _fflush_r
 .text._Balloc  0x0000000008010954       0x80 /Applications/STM32/STM32CubeIDE.app/Contents/Eclipse/plugins/com.st.stm32cube.ide.mcu.externaltools.gnu-tools-for-stm32.11.3.rel1.macos64_1.1.100.202310310803/tools/bin/../lib/gcc/arm-none-eabi/11.3.1/../../../../arm-none-eabi/lib/thumb/v7e-m+fp/hard/libc_nano.a(libc_a-mprec.o)
                0x0000000008010954                _Balloc
 .text._Bfree   0x00000000080109d4       0x44 /Applications/STM32/STM32CubeIDE.app/Contents/Eclipse/plugins/com.st.stm32cube.ide.mcu.externaltools.gnu-tools-for-stm32.11.3.rel1.macos64_1.1.100.202310310803/tools/bin/../lib/gcc/arm-none-eabi/11.3.1/../../../../arm-none-eabi/lib/thumb/v7e-m+fp/hard/libc_nano.a(libc_a-mprec.o)
                0x00000000080109d4                _Bfree
 .text.__multadd
                0x0000000008010a18       0x8c /Applications/STM32/STM32CubeIDE.app/Contents/Eclipse/plugins/com.st.stm32cube.ide.mcu.externaltools.gnu-tools-for-stm32.11.3.rel1.macos64_1.1.100.202310310803/tools/bin/../lib/gcc/arm-none-eabi/11.3.1/../../../../arm-none-eabi/lib/thumb/v7e-m+fp/hard/libc_nano.a(libc_a-mprec.o)
                0x0000000008010a18                __multadd
 .text.__hi0bits
                0x0000000008010aa4       0x40 /Applications/STM32/STM32CubeIDE.app/Contents/Eclipse/plugins/com.st.stm32cube.ide.mcu.externaltools.gnu-tools-for-stm32.11.3.rel1.macos64_1.1.100.202310310803/tools/bin/../lib/gcc/arm-none-eabi/11.3.1/../../../../arm-none-eabi/lib/thumb/v7e-m+fp/hard/libc_nano.a(libc_a-mprec.o)
                0x0000000008010aa4                __hi0bits
 .text.__lo0bits
                0x0000000008010ae4       0x5a /Applications/STM32/STM32CubeIDE.app/Contents/Eclipse/plugins/com.st.stm32cube.ide.mcu.externaltools.gnu-tools-for-stm32.11.3.rel1.macos64_1.1.100.202310310803/tools/bin/../lib/gcc/arm-none-eabi/11.3.1/../../../../arm-none-eabi/lib/thumb/v7e-m+fp/hard/libc_nano.a(libc_a-mprec.o)
                0x0000000008010ae4                __lo0bits
 *fill*         0x0000000008010b3e        0x2 
 .text.__i2b    0x0000000008010b40       0x2c /Applications/STM32/STM32CubeIDE.app/Contents/Eclipse/plugins/com.st.stm32cube.ide.mcu.externaltools.gnu-tools-for-stm32.11.3.rel1.macos64_1.1.100.202310310803/tools/bin/../lib/gcc/arm-none-eabi/11.3.1/../../../../arm-none-eabi/lib/thumb/v7e-m+fp/hard/libc_nano.a(libc_a-mprec.o)
                0x0000000008010b40                __i2b
 .text.__multiply
                0x0000000008010b6c      0x154 /Applications/STM32/STM32CubeIDE.app/Contents/Eclipse/plugins/com.st.stm32cube.ide.mcu.externaltools.gnu-tools-for-stm32.11.3.rel1.macos64_1.1.100.202310310803/tools/bin/../lib/gcc/arm-none-eabi/11.3.1/../../../../arm-none-eabi/lib/thumb/v7e-m+fp/hard/libc_nano.a(libc_a-mprec.o)
                0x0000000008010b6c                __multiply
 .text.__pow5mult
                0x0000000008010cc0       0xb4 /Applications/STM32/STM32CubeIDE.app/Contents/Eclipse/plugins/com.st.stm32cube.ide.mcu.externaltools.gnu-tools-for-stm32.11.3.rel1.macos64_1.1.100.202310310803/tools/bin/../lib/gcc/arm-none-eabi/11.3.1/../../../../arm-none-eabi/lib/thumb/v7e-m+fp/hard/libc_nano.a(libc_a-mprec.o)
                0x0000000008010cc0                __pow5mult
 .text.__lshift
                0x0000000008010d74       0xd8 /Applications/STM32/STM32CubeIDE.app/Contents/Eclipse/plugins/com.st.stm32cube.ide.mcu.externaltools.gnu-tools-for-stm32.11.3.rel1.macos64_1.1.100.202310310803/tools/bin/../lib/gcc/arm-none-eabi/11.3.1/../../../../arm-none-eabi/lib/thumb/v7e-m+fp/hard/libc_nano.a(libc_a-mprec.o)
                0x0000000008010d74                __lshift
 .text.__mcmp   0x0000000008010e4c       0x38 /Applications/STM32/STM32CubeIDE.app/Contents/Eclipse/plugins/com.st.stm32cube.ide.mcu.externaltools.gnu-tools-for-stm32.11.3.rel1.macos64_1.1.100.202310310803/tools/bin/../lib/gcc/arm-none-eabi/11.3.1/../../../../arm-none-eabi/lib/thumb/v7e-m+fp/hard/libc_nano.a(libc_a-mprec.o)
                0x0000000008010e4c                __mcmp
 .text.__mdiff  0x0000000008010e84      0x114 /Applications/STM32/STM32CubeIDE.app/Contents/Eclipse/plugins/com.st.stm32cube.ide.mcu.externaltools.gnu-tools-for-stm32.11.3.rel1.macos64_1.1.100.202310310803/tools/bin/../lib/gcc/arm-none-eabi/11.3.1/../../../../arm-none-eabi/lib/thumb/v7e-m+fp/hard/libc_nano.a(libc_a-mprec.o)
                0x0000000008010e84                __mdiff
 .text.__d2b    0x0000000008010f98       0xb4 /Applications/STM32/STM32CubeIDE.app/Contents/Eclipse/plugins/com.st.stm32cube.ide.mcu.externaltools.gnu-tools-for-stm32.11.3.rel1.macos64_1.1.100.202310310803/tools/bin/../lib/gcc/arm-none-eabi/11.3.1/../../../../arm-none-eabi/lib/thumb/v7e-m+fp/hard/libc_nano.a(libc_a-mprec.o)
                0x0000000008010f98                __d2b
 .text.fprintf  0x000000000801104c       0x24 /Applications/STM32/STM32CubeIDE.app/Contents/Eclipse/plugins/com.st.stm32cube.ide.mcu.externaltools.gnu-tools-for-stm32.11.3.rel1.macos64_1.1.100.202310310803/tools/bin/../lib/gcc/arm-none-eabi/11.3.1/../../../../arm-none-eabi/lib/thumb/v7e-m+fp/hard/libc_nano.a(libc_a-fprintf.o)
                0x000000000801104c                fprintf
                0x000000000801104c                fiprintf
 .text.__submore
                0x0000000008011070       0x74 /Applications/STM32/STM32CubeIDE.app/Contents/Eclipse/plugins/com.st.stm32cube.ide.mcu.externaltools.gnu-tools-for-stm32.11.3.rel1.macos64_1.1.100.202310310803/tools/bin/../lib/gcc/arm-none-eabi/11.3.1/../../../../arm-none-eabi/lib/thumb/v7e-m+fp/hard/libc_nano.a(libc_a-ungetc.o)
                0x0000000008011070                __submore
 .text._realloc_r
                0x00000000080110e4       0x5e /Applications/STM32/STM32CubeIDE.app/Contents/Eclipse/plugins/com.st.stm32cube.ide.mcu.externaltools.gnu-tools-for-stm32.11.3.rel1.macos64_1.1.100.202310310803/tools/bin/../lib/gcc/arm-none-eabi/11.3.1/../../../../arm-none-eabi/lib/thumb/v7e-m+fp/hard/libc_nano.a(libc_a-reallocr.o)
                0x00000000080110e4                _realloc_r
 *fill*         0x0000000008011142        0x2 
 .text._strtoul_l.constprop.0
                0x0000000008011144       0xe4 /Applications/STM32/STM32CubeIDE.app/Contents/Eclipse/plugins/com.st.stm32cube.ide.mcu.externaltools.gnu-tools-for-stm32.11.3.rel1.macos64_1.1.100.202310310803/tools/bin/../lib/gcc/arm-none-eabi/11.3.1/../../../../arm-none-eabi/lib/thumb/v7e-m+fp/hard/libc_nano.a(libc_a-strtoul.o)
 .text._strtoul_r
                0x0000000008011228        0x4 /Applications/STM32/STM32CubeIDE.app/Contents/Eclipse/plugins/com.st.stm32cube.ide.mcu.externaltools.gnu-tools-for-stm32.11.3.rel1.macos64_1.1.100.202310310803/tools/bin/../lib/gcc/arm-none-eabi/11.3.1/../../../../arm-none-eabi/lib/thumb/v7e-m+fp/hard/libc_nano.a(libc_a-strtoul.o)
                0x0000000008011228                _strtoul_r
 .text.__swbuf_r
                0x000000000801122c       0x7a /Applications/STM32/STM32CubeIDE.app/Contents/Eclipse/plugins/com.st.stm32cube.ide.mcu.externaltools.gnu-tools-for-stm32.11.3.rel1.macos64_1.1.100.202310310803/tools/bin/../lib/gcc/arm-none-eabi/11.3.1/../../../../arm-none-eabi/lib/thumb/v7e-m+fp/hard/libc_nano.a(libc_a-wbuf.o)
                0x000000000801122c                __swbuf_r
 *fill*         0x00000000080112a6        0x2 
 .text.__swsetup_r
                0x00000000080112a8       0xb0 /Applications/STM32/STM32CubeIDE.app/Contents/Eclipse/plugins/com.st.stm32cube.ide.mcu.externaltools.gnu-tools-for-stm32.11.3.rel1.macos64_1.1.100.202310310803/tools/bin/../lib/gcc/arm-none-eabi/11.3.1/../../../../arm-none-eabi/lib/thumb/v7e-m+fp/hard/libc_nano.a(libc_a-wsetup.o)
                0x00000000080112a8                __swsetup_r
 .text.__swhatbuf_r
                0x0000000008011358       0x4c /Applications/STM32/STM32CubeIDE.app/Contents/Eclipse/plugins/com.st.stm32cube.ide.mcu.externaltools.gnu-tools-for-stm32.11.3.rel1.macos64_1.1.100.202310310803/tools/bin/../lib/gcc/arm-none-eabi/11.3.1/../../../../arm-none-eabi/lib/thumb/v7e-m+fp/hard/libc_nano.a(libc_a-makebuf.o)
                0x0000000008011358                __swhatbuf_r
 .text.__smakebuf_r
                0x00000000080113a4       0x78 /Applications/STM32/STM32CubeIDE.app/Contents/Eclipse/plugins/com.st.stm32cube.ide.mcu.externaltools.gnu-tools-for-stm32.11.3.rel1.macos64_1.1.100.202310310803/tools/bin/../lib/gcc/arm-none-eabi/11.3.1/../../../../arm-none-eabi/lib/thumb/v7e-m+fp/hard/libc_nano.a(libc_a-makebuf.o)
                0x00000000080113a4                __smakebuf_r
 .text.memmove  0x000000000801141c       0x34 /Applications/STM32/STM32CubeIDE.app/Contents/Eclipse/plugins/com.st.stm32cube.ide.mcu.externaltools.gnu-tools-for-stm32.11.3.rel1.macos64_1.1.100.202310310803/tools/bin/../lib/gcc/arm-none-eabi/11.3.1/../../../../arm-none-eabi/lib/thumb/v7e-m+fp/hard/libc_nano.a(libc_a-memmove.o)
                0x000000000801141c                memmove
 .text._fstat_r
                0x0000000008011450       0x24 /Applications/STM32/STM32CubeIDE.app/Contents/Eclipse/plugins/com.st.stm32cube.ide.mcu.externaltools.gnu-tools-for-stm32.11.3.rel1.macos64_1.1.100.202310310803/tools/bin/../lib/gcc/arm-none-eabi/11.3.1/../../../../arm-none-eabi/lib/thumb/v7e-m+fp/hard/libc_nano.a(libc_a-fstatr.o)
                0x0000000008011450                _fstat_r
 .text._isatty_r
                0x0000000008011474       0x20 /Applications/STM32/STM32CubeIDE.app/Contents/Eclipse/plugins/com.st.stm32cube.ide.mcu.externaltools.gnu-tools-for-stm32.11.3.rel1.macos64_1.1.100.202310310803/tools/bin/../lib/gcc/arm-none-eabi/11.3.1/../../../../arm-none-eabi/lib/thumb/v7e-m+fp/hard/libc_nano.a(libc_a-isattyr.o)
                0x0000000008011474                _isatty_r
 .text.abort    0x0000000008011494        0xe /Applications/STM32/STM32CubeIDE.app/Contents/Eclipse/plugins/com.st.stm32cube.ide.mcu.externaltools.gnu-tools-for-stm32.11.3.rel1.macos64_1.1.100.202310310803/tools/bin/../lib/gcc/arm-none-eabi/11.3.1/../../../../arm-none-eabi/lib/thumb/v7e-m+fp/hard/libc_nano.a(libc_a-abort.o)
                0x0000000008011494                abort
 .text._calloc_r
                0x00000000080114a2       0x2c /Applications/STM32/STM32CubeIDE.app/Contents/Eclipse/plugins/com.st.stm32cube.ide.mcu.externaltools.gnu-tools-for-stm32.11.3.rel1.macos64_1.1.100.202310310803/tools/bin/../lib/gcc/arm-none-eabi/11.3.1/../../../../arm-none-eabi/lib/thumb/v7e-m+fp/hard/libc_nano.a(libc_a-callocr.o)
                0x00000000080114a2                _calloc_r
 .text.__ascii_mbtowc
                0x00000000080114ce       0x24 /Applications/STM32/STM32CubeIDE.app/Contents/Eclipse/plugins/com.st.stm32cube.ide.mcu.externaltools.gnu-tools-for-stm32.11.3.rel1.macos64_1.1.100.202310310803/tools/bin/../lib/gcc/arm-none-eabi/11.3.1/../../../../arm-none-eabi/lib/thumb/v7e-m+fp/hard/libc_nano.a(libc_a-mbtowc_r.o)
                0x00000000080114ce                __ascii_mbtowc
 .text._malloc_usable_size_r
                0x00000000080114f2       0x10 /Applications/STM32/STM32CubeIDE.app/Contents/Eclipse/plugins/com.st.stm32cube.ide.mcu.externaltools.gnu-tools-for-stm32.11.3.rel1.macos64_1.1.100.202310310803/tools/bin/../lib/gcc/arm-none-eabi/11.3.1/../../../../arm-none-eabi/lib/thumb/v7e-m+fp/hard/libc_nano.a(libc_a-msizer.o)
                0x00000000080114f2                _malloc_usable_size_r
 .text.__ascii_wctomb
                0x0000000008011502       0x1a /Applications/STM32/STM32CubeIDE.app/Contents/Eclipse/plugins/com.st.stm32cube.ide.mcu.externaltools.gnu-tools-for-stm32.11.3.rel1.macos64_1.1.100.202310310803/tools/bin/../lib/gcc/arm-none-eabi/11.3.1/../../../../arm-none-eabi/lib/thumb/v7e-m+fp/hard/libc_nano.a(libc_a-wctomb_r.o)
                0x0000000008011502                __ascii_wctomb
 .text._raise_r
                0x000000000801151c       0x50 /Applications/STM32/STM32CubeIDE.app/Contents/Eclipse/plugins/com.st.stm32cube.ide.mcu.externaltools.gnu-tools-for-stm32.11.3.rel1.macos64_1.1.100.202310310803/tools/bin/../lib/gcc/arm-none-eabi/11.3.1/../../../../arm-none-eabi/lib/thumb/v7e-m+fp/hard/libc_nano.a(libc_a-signal.o)
                0x000000000801151c                _raise_r
 .text.raise    0x000000000801156c       0x10 /Applications/STM32/STM32CubeIDE.app/Contents/Eclipse/plugins/com.st.stm32cube.ide.mcu.externaltools.gnu-tools-for-stm32.11.3.rel1.macos64_1.1.100.202310310803/tools/bin/../lib/gcc/arm-none-eabi/11.3.1/../../../../arm-none-eabi/lib/thumb/v7e-m+fp/hard/libc_nano.a(libc_a-signal.o)
                0x000000000801156c                raise
 .text._kill_r  0x000000000801157c       0x24 /Applications/STM32/STM32CubeIDE.app/Contents/Eclipse/plugins/com.st.stm32cube.ide.mcu.externaltools.gnu-tools-for-stm32.11.3.rel1.macos64_1.1.100.202310310803/tools/bin/../lib/gcc/arm-none-eabi/11.3.1/../../../../arm-none-eabi/lib/thumb/v7e-m+fp/hard/libc_nano.a(libc_a-signalr.o)
                0x000000000801157c                _kill_r
 .text._getpid_r