../Core/Src/display.c:42:6:display_init	8	static
../Core/Src/display.c:53:6:display_splash_screen	48	static
../Core/Src/display.c:63:6:display_corners	48	static
../Core/Src/display.c:86:6:display_screen1	40	static
../Core/Src/display.c:125:6:display_screen2	4	static
../Core/Src/display.c:129:6:display_update_meter	48	static
../Core/Src/display.c:160:6:display_update_mask	4	static
../Core/Src/display.c:167:6:display_meter_mask	64	static
../Core/Src/display.c:223:5:display_align_curves	24	static
../Core/Src/display.c:295:6:draw_curve	64	static
../Core/Src/display.c:332:6:make_curve	96	static
../Core/Src/display.c:386:6:display_show_curves	8	static
../Core/Src/display.c:410:6:display_show_curve	16	static
