../Core/Src/display.c:42:6:display_init	8	static
../Core/Src/display.c:53:6:display_splash_screen	48	static
../Core/Src/display.c:63:6:display_corners	48	static
../Core/Src/display.c:87:6:display_update_meter	40	static
../Core/Src/display.c:126:6:display_meter_mask	64	static
../Core/Src/display.c:182:5:display_align_curves	24	static
../Core/Src/display.c:253:6:draw_curve	40	static
../Core/Src/display.c:276:6:make_curve	56	static
../Core/Src/display.c:324:6:display_show_curves	16	static
../Core/Src/display.c:338:6:display_show_curve	16	static
