../Core/Src/main.c:104:6:start_adcs	8	static
../Core/Src/main.c:123:5:main	40	static
../Core/Src/main.c:320:6:SystemClock_Config	88	static
../Core/Src/main.c:375:13:MX_ADC1_Init	24	static
../Core/Src/main.c:436:13:MX_ADC2_Init	24	static
../Core/Src/main.c:497:13:MX_SPI2_Init	8	static
../Core/Src/main.c:535:13:MX_TIM2_Init	32	static
../Core/Src/main.c:580:13:MX_USART2_UART_Init	8	static
../Core/Src/main.c:611:13:MX_DMA_Init	16	static
../Core/Src/main.c:636:13:MX_GPIO_Init	48	static
../Core/Src/main.c:712:6:HAL_ADC_ConvCpltCallback	16	static
../Core/Src/main.c:722:6:HAL_ADC_ConvHalfCpltCallback	16	static
../Core/Src/main.c:732:6:HAL_ADC_ErrorCallback	24	static
../Core/Src/main.c:764:6:HAL_UART_RxCpltCallback	16	static
../Core/Src/main.c:787:6:Error_Handler	8	static,ignoring_inline_asm
