../Core/Src/main.c:93:1:__io_putchar	16	static
../Core/Src/main.c:111:5:main	8	static
../Core/Src/main.c:255:6:SystemClock_Config	88	static
../Core/Src/main.c:310:13:MX_ADC1_Init	24	static
../Core/Src/main.c:371:13:MX_ADC2_Init	24	static
../Core/Src/main.c:432:13:MX_TIM2_Init	32	static
../Core/Src/main.c:477:13:MX_USART2_UART_Init	8	static
../Core/Src/main.c:508:13:MX_DMA_Init	16	static
../Core/Src/main.c:529:13:MX_GPIO_Init	48	static
../Core/Src/main.c:564:6:HAL_ADC_ConvCpltCallback	16	static
../Core/Src/main.c:574:6:HAL_ADC_ConvHalfCpltCallback	16	static
../Core/Src/main.c:584:6:HAL_ADC_ErrorCallback	24	static
../Core/Src/main.c:616:6:HAL_UART_RxCpltCallback	16	static
../Core/Src/main.c:639:6:Error_Handler	8	static,ignoring_inline_asm
