../Core/Src/main.c:103:6:start_adcs	8	static
../Core/Src/main.c:122:5:main	40	static
../Core/Src/main.c:316:6:SystemClock_Config	88	static
../Core/Src/main.c:371:13:MX_ADC1_Init	24	static
../Core/Src/main.c:432:13:MX_ADC2_Init	24	static
../Core/Src/main.c:493:13:MX_SPI2_Init	8	static
../Core/Src/main.c:531:13:MX_TIM2_Init	32	static
../Core/Src/main.c:576:13:MX_USART2_UART_Init	8	static
../Core/Src/main.c:607:13:MX_DMA_Init	16	static
../Core/Src/main.c:632:13:MX_GPIO_Init	48	static
../Core/Src/main.c:708:6:HAL_ADC_ConvCpltCallback	16	static
../Core/Src/main.c:718:6:HAL_ADC_ConvHalfCpltCallback	16	static
../Core/Src/main.c:728:6:HAL_ADC_ErrorCallback	24	static
../Core/Src/main.c:760:6:HAL_UART_RxCpltCallback	16	static
../Core/Src/main.c:783:6:Error_Handler	8	static,ignoring_inline_asm
