../Core/Src/main.c:170:6:start_adcs	8	static
../Core/Src/main.c:193:5:adjust_TIM2_period	16	static
../Core/Src/main.c:215:5:adjust_TIM3_period	16	static
../Core/Src/main.c:238:5:set_modbus_address	16	static
../Core/Src/main.c:263:5:energy_totals_init	24	static
../Core/Src/main.c:308:6:energy_totals_save	8	static
../Core/Src/main.c:319:6:version_change	16	static
../Core/Src/main.c:327:6:eeprom	16	static
../Core/Src/main.c:391:5:main	16	static
../Core/Src/main.c:720:6:SystemClock_Config	88	static
../Core/Src/main.c:775:13:MX_ADC1_Init	24	static
../Core/Src/main.c:836:13:MX_ADC2_Init	24	static
../Core/Src/main.c:897:13:MX_I2C1_Init	8	static
../Core/Src/main.c:931:13:MX_SPI2_Init	8	static
../Core/Src/main.c:969:13:MX_TIM2_Init	32	static
../Core/Src/main.c:1014:13:MX_TIM3_Init	32	static
../Core/Src/main.c:1059:13:MX_USART2_UART_Init	8	static
../Core/Src/main.c:1092:13:MX_USART3_UART_Init	8	static
../Core/Src/main.c:1123:13:MX_DMA_Init	16	static
../Core/Src/main.c:1148:13:MX_GPIO_Init	48	static
../Core/Src/main.c:1240:6:HAL_TIM_PeriodElapsedCallback	16	static
../Core/Src/main.c:1247:6:HAL_I2C_MemTxCpltCallback	16	static
../Core/Src/main.c:1251:6:HAL_I2C_MemRxCpltCallback	16	static
../Core/Src/main.c:1257:6:HAL_GPIO_EXTI_Callback	16	static
../Core/Src/main.c:1271:6:HAL_ADC_ConvCpltCallback	16	static
../Core/Src/main.c:1281:6:HAL_ADC_ConvHalfCpltCallback	16	static
../Core/Src/main.c:1291:6:HAL_ADC_ErrorCallback	24	static
../Core/Src/main.c:1323:6:HAL_UART_RxCpltCallback	16	static
../Core/Src/main.c:1364:6:Error_Handler	8	static,ignoring_inline_asm
