../Core/Src/main.c:147:6:start_adcs	8	static
../Core/Src/main.c:167:6:adjust_TIM2_period	16	static
../Core/Src/main.c:198:5:main	16	static
../Core/Src/main.c:493:6:SystemClock_Config	88	static
../Core/Src/main.c:548:13:MX_ADC1_Init	24	static
../Core/Src/main.c:609:13:MX_ADC2_Init	24	static
../Core/Src/main.c:670:13:MX_I2C1_Init	8	static
../Core/Src/main.c:704:13:MX_SPI2_Init	8	static
../Core/Src/main.c:742:13:MX_TIM2_Init	32	static
../Core/Src/main.c:787:13:MX_USART2_UART_Init	8	static
../Core/Src/main.c:820:13:MX_USART3_UART_Init	8	static
../Core/Src/main.c:851:13:MX_DMA_Init	16	static
../Core/Src/main.c:876:13:MX_GPIO_Init	48	static
../Core/Src/main.c:961:6:HAL_I2C_MemTxCpltCallback	16	static
../Core/Src/main.c:966:6:HAL_I2C_MemRxCpltCallback	16	static
../Core/Src/main.c:973:6:HAL_GPIO_EXTI_Callback	16	static
../Core/Src/main.c:987:6:HAL_ADC_ConvCpltCallback	16	static
../Core/Src/main.c:997:6:HAL_ADC_ConvHalfCpltCallback	16	static
../Core/Src/main.c:1007:6:HAL_ADC_ErrorCallback	24	static
../Core/Src/main.c:1039:6:HAL_UART_RxCpltCallback	16	static
../Core/Src/main.c:1080:6:Error_Handler	8	static,ignoring_inline_asm
