../Core/Src/stm32f4xx_it.c:79:6:NMI_Handler	4	static
../Core/Src/stm32f4xx_it.c:94:6:HardFault_Handler	4	static
../Core/Src/stm32f4xx_it.c:109:6:MemManage_Handler	4	static
../Core/Src/stm32f4xx_it.c:124:6:BusFault_Handler	4	static
../Core/Src/stm32f4xx_it.c:139:6:UsageFault_Handler	4	static
../Core/Src/stm32f4xx_it.c:154:6:SVC_Handler	4	static
../Core/Src/stm32f4xx_it.c:167:6:DebugMon_Handler	4	static
../Core/Src/stm32f4xx_it.c:180:6:PendSV_Handler	4	static
../Core/Src/stm32f4xx_it.c:193:6:SysTick_Handler	8	static
../Core/Src/stm32f4xx_it.c:214:6:EXTI4_IRQHandler	8	static
../Core/Src/stm32f4xx_it.c:228:6:DMA1_Stream4_IRQHandler	8	static
../Core/Src/stm32f4xx_it.c:242:6:TIM2_IRQHandler	8	static
../Core/Src/stm32f4xx_it.c:257:6:SPI2_IRQHandler	8	static
../Core/Src/stm32f4xx_it.c:271:6:USART2_IRQHandler	8	static
../Core/Src/stm32f4xx_it.c:285:6:USART3_IRQHandler	8	static
../Core/Src/stm32f4xx_it.c:299:6:EXTI15_10_IRQHandler	8	static
../Core/Src/stm32f4xx_it.c:313:6:DMA2_Stream0_IRQHandler	8	static
../Core/Src/stm32f4xx_it.c:327:6:DMA2_Stream2_IRQHandler	8	static
