../Core/Src/wifi.c:50:6:wifi_handle_esp_rx_data	8	static
../Core/Src/wifi.c:78:5:wifi_send_esp_data	24	static
../Core/Src/wifi.c:99:6:cmd_sequence	8	static
../Core/Src/wifi.c:120:6:at_echo	16	static
../Core/Src/wifi.c:133:6:on_link	16	static
../Core/Src/wifi.c:147:6:set_connection_status	24	static
../Core/Src/wifi.c:162:5:esp_client_connection	24	static
../Core/Src/wifi.c:181:5:esp_client_disconnect	16	static
../Core/Src/wifi.c:195:5:process_incoming_data	24	static
../Core/Src/wifi.c:213:5:process_esp_response_ipd	40	static
../Core/Src/wifi.c:240:5:process_esp_response_wifi	24	static
../Core/Src/wifi.c:278:5:process_esp_response_status	24	static
../Core/Src/wifi.c:314:5:process_esp_response_line	40	static
../Core/Src/wifi.c:370:6:evaluate_esp_response	40	static
