../Core/Src/wifi.c:48:6:wifi_handle_esp_rx_data	8	static
../Core/Src/wifi.c:75:5:wifi_send_esp_data	24	static
../Core/Src/wifi.c:96:6:init_sequence	8	static
../Core/Src/wifi.c:118:5:process_incoming_data	16	static
../Core/Src/wifi.c:130:5:process_esp_response_ipd	32	static
../Core/Src/wifi.c:158:5:process_esp_response_wifi	24	static
../Core/Src/wifi.c:180:5:process_esp_response_status	24	static
../Core/Src/wifi.c:208:5:process_esp_response_line	40	static
../Core/Src/wifi.c:249:6:evaluate_esp_response	32	static
