../Core/Src/z_displ_ILI9XXX.c:54:6:Displ_Select	8	static
../Core/Src/z_displ_ILI9XXX.c:75:6:Displ_Transmit	32	static,ignoring_inline_asm
../Core/Src/z_displ_ILI9XXX.c:139:6:Displ_WriteCommand	16	static
../Core/Src/z_displ_ILI9XXX.c:152:6:Displ_WriteData	24	static
../Core/Src/z_displ_ILI9XXX.c:164:6:ILI9XXX_Init	8	static
../Core/Src/z_displ_ILI9XXX.c:255:6:Displ_SetAddressWindow	24	static
../Core/Src/z_displ_ILI9XXX.c:275:6:Displ_Init	16	static
../Core/Src/z_displ_ILI9XXX.c:299:6:Displ_Orientation	16	static
../Core/Src/z_displ_ILI9XXX.c:331:6:HAL_SPI_ErrorCallback	16	static
../Core/Src/z_displ_ILI9XXX.c:342:6:HAL_SPI_TxCpltCallback	16	static
../Core/Src/z_displ_ILI9XXX.c:362:6:Displ_FillArea	56	static
../Core/Src/z_displ_ILI9XXX.c:452:6:ILI9488_DrawImage	24	static
../Core/Src/z_displ_ILI9XXX.c:465:6:Displ_Pixel	24	static
../Core/Src/z_displ_ILI9XXX.c:475:6:Displ_drawCircle	40	static
../Core/Src/z_displ_ILI9XXX.c:517:6:Displ_CLS	24	static
../Core/Src/z_displ_ILI9XXX.c:536:6:drawCircleHelper	40	static
../Core/Src/z_displ_ILI9XXX.c:580:6:fillCircleHelper	48	static
../Core/Src/z_displ_ILI9XXX.c:614:6:Displ_fillCircle	32	static
../Core/Src/z_displ_ILI9XXX.c:627:6:Displ_Line	56	static
../Core/Src/z_displ_ILI9XXX.c:711:6:Displ_Border	32	static
../Core/Src/z_displ_ILI9XXX.c:722:6:Displ_drawTriangle	32	static
../Core/Src/z_displ_ILI9XXX.c:735:6:Displ_fillTriangle	80	static
../Core/Src/z_displ_ILI9XXX.c:829:6:Displ_WChar	72	static
../Core/Src/z_displ_ILI9XXX.c:957:6:Displ_drawRoundRect	40	static
../Core/Src/z_displ_ILI9XXX.c:975:6:Displ_fillRoundRect	40	static
../Core/Src/z_displ_ILI9XXX.c:999:6:Displ_WString	64	static
../Core/Src/z_displ_ILI9XXX.c:1040:6:Displ_CString	56	static
../Core/Src/z_displ_ILI9XXX.c:1095:11:Displ_BackLight	16	static,ignoring_inline_asm
../Core/Src/z_displ_ILI9XXX.c:1164:5:touchgfxDisplayDriverTransmitActive	4	static
../Core/Src/z_displ_ILI9XXX.c:1178:6:touchgfxDisplayDriverTransmitBlock	32	static
